
30. Executing CHECK pass (checking for obvious problems).
Checking module rcu...
Warning: Wire rcu.\rcu_md_req_valid_o is used but has no driver.
Warning: Wire rcu.\rcu_md_package_o [141] is used but has no driver.
Warning: Wire rcu.\rcu_md_package_o [140] is used but has no driver.
Warning: Wire rcu.\rcu_md_package_o [139] is used but has no driver.
Warning: Wire rcu.\rcu_md_package_o [138] is used but has no driver.
Warning: Wire rcu.\rcu_md_package_o [137] is used but has no driver.
Warning: Wire rcu.\rcu_md_package_o [136] is used but has no driver.
Warning: Wire rcu.\rcu_md_package_o [135] is used but has no driver.
Warning: Wire rcu.\rcu_md_package_o [134] is used but has no driver.
Warning: Wire rcu.\rcu_md_package_o [133] is used but has no driver.
Warning: Wire rcu.\rcu_md_package_o [132] is used but has no driver.
Warning: Wire rcu.\rcu_md_package_o [131] is used but has no driver.
Warning: Wire rcu.\rcu_md_package_o [130] is used but has no driver.
Warning: Wire rcu.\rcu_md_package_o [129] is used but has no driver.
Warning: Wire rcu.\rcu_md_package_o [128] is used but has no driver.
Warning: Wire rcu.\rcu_md_package_o [127] is used but has no driver.
Warning: Wire rcu.\rcu_md_package_o [126] is used but has no driver.
Warning: Wire rcu.\rcu_md_package_o [125] is used but has no driver.
Warning: Wire rcu.\rcu_md_package_o [124] is used but has no driver.
Warning: Wire rcu.\rcu_md_package_o [123] is used but has no driver.
Warning: Wire rcu.\rcu_md_package_o [122] is used but has no driver.
Warning: Wire rcu.\rcu_md_package_o [121] is used but has no driver.
Warning: Wire rcu.\rcu_md_package_o [120] is used but has no driver.
Warning: Wire rcu.\rcu_md_package_o [119] is used but has no driver.
Warning: Wire rcu.\rcu_md_package_o [118] is used but has no driver.
Warning: Wire rcu.\rcu_md_package_o [117] is used but has no driver.
Warning: Wire rcu.\rcu_md_package_o [116] is used but has no driver.
Warning: Wire rcu.\rcu_md_package_o [115] is used but has no driver.
Warning: Wire rcu.\rcu_md_package_o [114] is used but has no driver.
Warning: Wire rcu.\rcu_md_package_o [113] is used but has no driver.
Warning: Wire rcu.\rcu_md_package_o [112] is used but has no driver.
Warning: Wire rcu.\rcu_md_package_o [111] is used but has no driver.
Warning: Wire rcu.\rcu_md_package_o [110] is used but has no driver.
Warning: Wire rcu.\rcu_md_package_o [109] is used but has no driver.
Warning: Wire rcu.\rcu_md_package_o [108] is used but has no driver.
Warning: Wire rcu.\rcu_md_package_o [107] is used but has no driver.
Warning: Wire rcu.\rcu_md_package_o [106] is used but has no driver.
Warning: Wire rcu.\rcu_md_package_o [105] is used but has no driver.
Warning: Wire rcu.\rcu_md_package_o [104] is used but has no driver.
Warning: Wire rcu.\rcu_md_package_o [103] is used but has no driver.
Warning: Wire rcu.\rcu_md_package_o [102] is used but has no driver.
Warning: Wire rcu.\rcu_md_package_o [101] is used but has no driver.
Warning: Wire rcu.\rcu_md_package_o [100] is used but has no driver.
Warning: Wire rcu.\rcu_md_package_o [99] is used but has no driver.
Warning: Wire rcu.\rcu_md_package_o [98] is used but has no driver.
Warning: Wire rcu.\rcu_md_package_o [97] is used but has no driver.
Warning: Wire rcu.\rcu_md_package_o [96] is used but has no driver.
Warning: Wire rcu.\rcu_md_package_o [95] is used but has no driver.
Warning: Wire rcu.\rcu_md_package_o [94] is used but has no driver.
Warning: Wire rcu.\rcu_md_package_o [93] is used but has no driver.
Warning: Wire rcu.\rcu_md_package_o [92] is used but has no driver.
Warning: Wire rcu.\rcu_md_package_o [91] is used but has no driver.
Warning: Wire rcu.\rcu_md_package_o [90] is used but has no driver.
Warning: Wire rcu.\rcu_md_package_o [89] is used but has no driver.
Warning: Wire rcu.\rcu_md_package_o [88] is used but has no driver.
Warning: Wire rcu.\rcu_md_package_o [87] is used but has no driver.
Warning: Wire rcu.\rcu_md_package_o [86] is used but has no driver.
Warning: Wire rcu.\rcu_md_package_o [85] is used but has no driver.
Warning: Wire rcu.\rcu_md_package_o [84] is used but has no driver.
Warning: Wire rcu.\rcu_md_package_o [83] is used but has no driver.
Warning: Wire rcu.\rcu_md_package_o [82] is used but has no driver.
Warning: Wire rcu.\rcu_md_package_o [81] is used but has no driver.
Warning: Wire rcu.\rcu_md_package_o [80] is used but has no driver.
Warning: Wire rcu.\rcu_md_package_o [79] is used but has no driver.
Warning: Wire rcu.\rcu_md_package_o [78] is used but has no driver.
Warning: Wire rcu.\rcu_md_package_o [77] is used but has no driver.
Warning: Wire rcu.\rcu_md_package_o [76] is used but has no driver.
Warning: Wire rcu.\rcu_md_package_o [75] is used but has no driver.
Warning: Wire rcu.\rcu_md_package_o [74] is used but has no driver.
Warning: Wire rcu.\rcu_md_package_o [73] is used but has no driver.
Warning: Wire rcu.\rcu_md_package_o [72] is used but has no driver.
Warning: Wire rcu.\rcu_md_package_o [71] is used but has no driver.
Warning: Wire rcu.\rcu_md_package_o [70] is used but has no driver.
Warning: Wire rcu.\rcu_md_package_o [69] is used but has no driver.
Warning: Wire rcu.\rcu_md_package_o [68] is used but has no driver.
Warning: Wire rcu.\rcu_md_package_o [67] is used but has no driver.
Warning: Wire rcu.\rcu_md_package_o [66] is used but has no driver.
Warning: Wire rcu.\rcu_md_package_o [65] is used but has no driver.
Warning: Wire rcu.\rcu_md_package_o [64] is used but has no driver.
Warning: Wire rcu.\rcu_md_package_o [63] is used but has no driver.
Warning: Wire rcu.\rcu_md_package_o [62] is used but has no driver.
Warning: Wire rcu.\rcu_md_package_o [61] is used but has no driver.
Warning: Wire rcu.\rcu_md_package_o [60] is used but has no driver.
Warning: Wire rcu.\rcu_md_package_o [59] is used but has no driver.
Warning: Wire rcu.\rcu_md_package_o [58] is used but has no driver.
Warning: Wire rcu.\rcu_md_package_o [57] is used but has no driver.
Warning: Wire rcu.\rcu_md_package_o [56] is used but has no driver.
Warning: Wire rcu.\rcu_md_package_o [55] is used but has no driver.
Warning: Wire rcu.\rcu_md_package_o [54] is used but has no driver.
Warning: Wire rcu.\rcu_md_package_o [53] is used but has no driver.
Warning: Wire rcu.\rcu_md_package_o [52] is used but has no driver.
Warning: Wire rcu.\rcu_md_package_o [51] is used but has no driver.
Warning: Wire rcu.\rcu_md_package_o [50] is used but has no driver.
Warning: Wire rcu.\rcu_md_package_o [49] is used but has no driver.
Warning: Wire rcu.\rcu_md_package_o [48] is used but has no driver.
Warning: Wire rcu.\rcu_md_package_o [47] is used but has no driver.
Warning: Wire rcu.\rcu_md_package_o [46] is used but has no driver.
Warning: Wire rcu.\rcu_md_package_o [45] is used but has no driver.
Warning: Wire rcu.\rcu_md_package_o [44] is used but has no driver.
Warning: Wire rcu.\rcu_md_package_o [43] is used but has no driver.
Warning: Wire rcu.\rcu_md_package_o [42] is used but has no driver.
Warning: Wire rcu.\rcu_md_package_o [41] is used but has no driver.
Warning: Wire rcu.\rcu_md_package_o [40] is used but has no driver.
Warning: Wire rcu.\rcu_md_package_o [39] is used but has no driver.
Warning: Wire rcu.\rcu_md_package_o [38] is used but has no driver.
Warning: Wire rcu.\rcu_md_package_o [37] is used but has no driver.
Warning: Wire rcu.\rcu_md_package_o [36] is used but has no driver.
Warning: Wire rcu.\rcu_md_package_o [35] is used but has no driver.
Warning: Wire rcu.\rcu_md_package_o [34] is used but has no driver.
Warning: Wire rcu.\rcu_md_package_o [33] is used but has no driver.
Warning: Wire rcu.\rcu_md_package_o [32] is used but has no driver.
Warning: Wire rcu.\rcu_md_package_o [31] is used but has no driver.
Warning: Wire rcu.\rcu_md_package_o [30] is used but has no driver.
Warning: Wire rcu.\rcu_md_package_o [29] is used but has no driver.
Warning: Wire rcu.\rcu_md_package_o [28] is used but has no driver.
Warning: Wire rcu.\rcu_md_package_o [27] is used but has no driver.
Warning: Wire rcu.\rcu_md_package_o [26] is used but has no driver.
Warning: Wire rcu.\rcu_md_package_o [25] is used but has no driver.
Warning: Wire rcu.\rcu_md_package_o [24] is used but has no driver.
Warning: Wire rcu.\rcu_md_package_o [23] is used but has no driver.
Warning: Wire rcu.\rcu_md_package_o [22] is used but has no driver.
Warning: Wire rcu.\rcu_md_package_o [21] is used but has no driver.
Warning: Wire rcu.\rcu_md_package_o [20] is used but has no driver.
Warning: Wire rcu.\rcu_md_package_o [19] is used but has no driver.
Warning: Wire rcu.\rcu_md_package_o [18] is used but has no driver.
Warning: Wire rcu.\rcu_md_package_o [17] is used but has no driver.
Warning: Wire rcu.\rcu_md_package_o [16] is used but has no driver.
Warning: Wire rcu.\rcu_md_package_o [15] is used but has no driver.
Warning: Wire rcu.\rcu_md_package_o [14] is used but has no driver.
Warning: Wire rcu.\rcu_md_package_o [13] is used but has no driver.
Warning: Wire rcu.\rcu_md_package_o [12] is used but has no driver.
Warning: Wire rcu.\rcu_md_package_o [11] is used but has no driver.
Warning: Wire rcu.\rcu_md_package_o [10] is used but has no driver.
Warning: Wire rcu.\rcu_md_package_o [9] is used but has no driver.
Warning: Wire rcu.\rcu_md_package_o [8] is used but has no driver.
Warning: Wire rcu.\rcu_md_package_o [7] is used but has no driver.
Warning: Wire rcu.\rcu_md_package_o [6] is used but has no driver.
Warning: Wire rcu.\rcu_md_package_o [5] is used but has no driver.
Warning: Wire rcu.\rcu_md_package_o [4] is used but has no driver.
Warning: Wire rcu.\rcu_md_package_o [3] is used but has no driver.
Warning: Wire rcu.\rcu_md_package_o [2] is used but has no driver.
Warning: Wire rcu.\rcu_md_package_o [1] is used but has no driver.
Warning: Wire rcu.\rcu_md_package_o [0] is used but has no driver.
Warning: Wire rcu.\rcu_lsu_wakeup_o is used but has no driver.
Warning: Wire rcu.\rcu_lsu_wakeup_index_o [3] is used but has no driver.
Warning: Wire rcu.\rcu_lsu_wakeup_index_o [2] is used but has no driver.
Warning: Wire rcu.\rcu_lsu_wakeup_index_o [1] is used but has no driver.
Warning: Wire rcu.\rcu_lsu_wakeup_index_o [0] is used but has no driver.
Warning: Wire rcu.\rcu_lsu_req_valid_o is used but has no driver.
Warning: Wire rcu.\rcu_lsu_package_o [184] is used but has no driver.
Warning: Wire rcu.\rcu_lsu_package_o [183] is used but has no driver.
Warning: Wire rcu.\rcu_lsu_package_o [182] is used but has no driver.
Warning: Wire rcu.\rcu_lsu_package_o [181] is used but has no driver.
Warning: Wire rcu.\rcu_lsu_package_o [180] is used but has no driver.
Warning: Wire rcu.\rcu_lsu_package_o [179] is used but has no driver.
Warning: Wire rcu.\rcu_lsu_package_o [178] is used but has no driver.
Warning: Wire rcu.\rcu_lsu_package_o [177] is used but has no driver.
Warning: Wire rcu.\rcu_lsu_package_o [176] is used but has no driver.
Warning: Wire rcu.\rcu_lsu_package_o [175] is used but has no driver.
Warning: Wire rcu.\rcu_lsu_package_o [174] is used but has no driver.
Warning: Wire rcu.\rcu_lsu_package_o [173] is used but has no driver.
Warning: Wire rcu.\rcu_lsu_package_o [172] is used but has no driver.
Warning: Wire rcu.\rcu_lsu_package_o [171] is used but has no driver.
Warning: Wire rcu.\rcu_lsu_package_o [170] is used but has no driver.
Warning: Wire rcu.\rcu_lsu_package_o [169] is used but has no driver.
Warning: Wire rcu.\rcu_lsu_package_o [168] is used but has no driver.
Warning: Wire rcu.\rcu_lsu_package_o [167] is used but has no driver.
Warning: Wire rcu.\rcu_lsu_package_o [166] is used but has no driver.
Warning: Wire rcu.\rcu_lsu_package_o [165] is used but has no driver.
Warning: Wire rcu.\rcu_lsu_package_o [164] is used but has no driver.
Warning: Wire rcu.\rcu_lsu_package_o [163] is used but has no driver.
Warning: Wire rcu.\rcu_lsu_package_o [162] is used but has no driver.
Warning: Wire rcu.\rcu_lsu_package_o [161] is used but has no driver.
Warning: Wire rcu.\rcu_lsu_package_o [160] is used but has no driver.
Warning: Wire rcu.\rcu_lsu_package_o [159] is used but has no driver.
Warning: Wire rcu.\rcu_lsu_package_o [158] is used but has no driver.
Warning: Wire rcu.\rcu_lsu_package_o [157] is used but has no driver.
Warning: Wire rcu.\rcu_lsu_package_o [156] is used but has no driver.
Warning: Wire rcu.\rcu_lsu_package_o [155] is used but has no driver.
Warning: Wire rcu.\rcu_lsu_package_o [154] is used but has no driver.
Warning: Wire rcu.\rcu_lsu_package_o [153] is used but has no driver.
Warning: Wire rcu.\rcu_lsu_package_o [152] is used but has no driver.
Warning: Wire rcu.\rcu_lsu_package_o [151] is used but has no driver.
Warning: Wire rcu.\rcu_lsu_package_o [150] is used but has no driver.
Warning: Wire rcu.\rcu_lsu_package_o [149] is used but has no driver.
Warning: Wire rcu.\rcu_lsu_package_o [148] is used but has no driver.
Warning: Wire rcu.\rcu_lsu_package_o [147] is used but has no driver.
Warning: Wire rcu.\rcu_lsu_package_o [146] is used but has no driver.
Warning: Wire rcu.\rcu_lsu_package_o [145] is used but has no driver.
Warning: Wire rcu.\rcu_lsu_package_o [144] is used but has no driver.
Warning: Wire rcu.\rcu_lsu_package_o [143] is used but has no driver.
Warning: Wire rcu.\rcu_lsu_package_o [142] is used but has no driver.
Warning: Wire rcu.\rcu_lsu_package_o [141] is used but has no driver.
Warning: Wire rcu.\rcu_lsu_package_o [140] is used but has no driver.
Warning: Wire rcu.\rcu_lsu_package_o [139] is used but has no driver.
Warning: Wire rcu.\rcu_lsu_package_o [138] is used but has no driver.
Warning: Wire rcu.\rcu_lsu_package_o [137] is used but has no driver.
Warning: Wire rcu.\rcu_lsu_package_o [136] is used but has no driver.
Warning: Wire rcu.\rcu_lsu_package_o [135] is used but has no driver.
Warning: Wire rcu.\rcu_lsu_package_o [134] is used but has no driver.
Warning: Wire rcu.\rcu_lsu_package_o [133] is used but has no driver.
Warning: Wire rcu.\rcu_lsu_package_o [132] is used but has no driver.
Warning: Wire rcu.\rcu_lsu_package_o [131] is used but has no driver.
Warning: Wire rcu.\rcu_lsu_package_o [130] is used but has no driver.
Warning: Wire rcu.\rcu_lsu_package_o [129] is used but has no driver.
Warning: Wire rcu.\rcu_lsu_package_o [128] is used but has no driver.
Warning: Wire rcu.\rcu_lsu_package_o [127] is used but has no driver.
Warning: Wire rcu.\rcu_lsu_package_o [126] is used but has no driver.
Warning: Wire rcu.\rcu_lsu_package_o [125] is used but has no driver.
Warning: Wire rcu.\rcu_lsu_package_o [124] is used but has no driver.
Warning: Wire rcu.\rcu_lsu_package_o [123] is used but has no driver.
Warning: Wire rcu.\rcu_lsu_package_o [122] is used but has no driver.
Warning: Wire rcu.\rcu_lsu_package_o [121] is used but has no driver.
Warning: Wire rcu.\rcu_lsu_package_o [120] is used but has no driver.
Warning: Wire rcu.\rcu_lsu_package_o [119] is used but has no driver.
Warning: Wire rcu.\rcu_lsu_package_o [118] is used but has no driver.
Warning: Wire rcu.\rcu_lsu_package_o [117] is used but has no driver.
Warning: Wire rcu.\rcu_lsu_package_o [116] is used but has no driver.
Warning: Wire rcu.\rcu_lsu_package_o [115] is used but has no driver.
Warning: Wire rcu.\rcu_lsu_package_o [114] is used but has no driver.
Warning: Wire rcu.\rcu_lsu_package_o [113] is used but has no driver.
Warning: Wire rcu.\rcu_lsu_package_o [112] is used but has no driver.
Warning: Wire rcu.\rcu_lsu_package_o [111] is used but has no driver.
Warning: Wire rcu.\rcu_lsu_package_o [110] is used but has no driver.
Warning: Wire rcu.\rcu_lsu_package_o [109] is used but has no driver.
Warning: Wire rcu.\rcu_lsu_package_o [108] is used but has no driver.
Warning: Wire rcu.\rcu_lsu_package_o [107] is used but has no driver.
Warning: Wire rcu.\rcu_lsu_package_o [106] is used but has no driver.
Warning: Wire rcu.\rcu_lsu_package_o [105] is used but has no driver.
Warning: Wire rcu.\rcu_lsu_package_o [104] is used but has no driver.
Warning: Wire rcu.\rcu_lsu_package_o [103] is used but has no driver.
Warning: Wire rcu.\rcu_lsu_package_o [102] is used but has no driver.
Warning: Wire rcu.\rcu_lsu_package_o [101] is used but has no driver.
Warning: Wire rcu.\rcu_lsu_package_o [100] is used but has no driver.
Warning: Wire rcu.\rcu_lsu_package_o [99] is used but has no driver.
Warning: Wire rcu.\rcu_lsu_package_o [98] is used but has no driver.
Warning: Wire rcu.\rcu_lsu_package_o [97] is used but has no driver.
Warning: Wire rcu.\rcu_lsu_package_o [96] is used but has no driver.
Warning: Wire rcu.\rcu_lsu_package_o [95] is used but has no driver.
Warning: Wire rcu.\rcu_lsu_package_o [94] is used but has no driver.
Warning: Wire rcu.\rcu_lsu_package_o [93] is used but has no driver.
Warning: Wire rcu.\rcu_lsu_package_o [92] is used but has no driver.
Warning: Wire rcu.\rcu_lsu_package_o [91] is used but has no driver.
Warning: Wire rcu.\rcu_lsu_package_o [90] is used but has no driver.
Warning: Wire rcu.\rcu_lsu_package_o [89] is used but has no driver.
Warning: Wire rcu.\rcu_lsu_package_o [88] is used but has no driver.
Warning: Wire rcu.\rcu_lsu_package_o [87] is used but has no driver.
Warning: Wire rcu.\rcu_lsu_package_o [86] is used but has no driver.
Warning: Wire rcu.\rcu_lsu_package_o [85] is used but has no driver.
Warning: Wire rcu.\rcu_lsu_package_o [84] is used but has no driver.
Warning: Wire rcu.\rcu_lsu_package_o [83] is used but has no driver.
Warning: Wire rcu.\rcu_lsu_package_o [82] is used but has no driver.
Warning: Wire rcu.\rcu_lsu_package_o [81] is used but has no driver.
Warning: Wire rcu.\rcu_lsu_package_o [80] is used but has no driver.
Warning: Wire rcu.\rcu_lsu_package_o [79] is used but has no driver.
Warning: Wire rcu.\rcu_lsu_package_o [78] is used but has no driver.
Warning: Wire rcu.\rcu_lsu_package_o [77] is used but has no driver.
Warning: Wire rcu.\rcu_lsu_package_o [76] is used but has no driver.
Warning: Wire rcu.\rcu_lsu_package_o [75] is used but has no driver.
Warning: Wire rcu.\rcu_lsu_package_o [74] is used but has no driver.
Warning: Wire rcu.\rcu_lsu_package_o [73] is used but has no driver.
Warning: Wire rcu.\rcu_lsu_package_o [72] is used but has no driver.
Warning: Wire rcu.\rcu_lsu_package_o [71] is used but has no driver.
Warning: Wire rcu.\rcu_lsu_package_o [70] is used but has no driver.
Warning: Wire rcu.\rcu_lsu_package_o [69] is used but has no driver.
Warning: Wire rcu.\rcu_lsu_package_o [68] is used but has no driver.
Warning: Wire rcu.\rcu_lsu_package_o [67] is used but has no driver.
Warning: Wire rcu.\rcu_lsu_package_o [66] is used but has no driver.
Warning: Wire rcu.\rcu_lsu_package_o [65] is used but has no driver.
Warning: Wire rcu.\rcu_lsu_package_o [64] is used but has no driver.
Warning: Wire rcu.\rcu_lsu_package_o [63] is used but has no driver.
Warning: Wire rcu.\rcu_lsu_package_o [62] is used but has no driver.
Warning: Wire rcu.\rcu_lsu_package_o [61] is used but has no driver.
Warning: Wire rcu.\rcu_lsu_package_o [60] is used but has no driver.
Warning: Wire rcu.\rcu_lsu_package_o [59] is used but has no driver.
Warning: Wire rcu.\rcu_lsu_package_o [58] is used but has no driver.
Warning: Wire rcu.\rcu_lsu_package_o [57] is used but has no driver.
Warning: Wire rcu.\rcu_lsu_package_o [56] is used but has no driver.
Warning: Wire rcu.\rcu_lsu_package_o [55] is used but has no driver.
Warning: Wire rcu.\rcu_lsu_package_o [54] is used but has no driver.
Warning: Wire rcu.\rcu_lsu_package_o [53] is used but has no driver.
Warning: Wire rcu.\rcu_lsu_package_o [52] is used but has no driver.
Warning: Wire rcu.\rcu_lsu_package_o [51] is used but has no driver.
Warning: Wire rcu.\rcu_lsu_package_o [50] is used but has no driver.
Warning: Wire rcu.\rcu_lsu_package_o [49] is used but has no driver.
Warning: Wire rcu.\rcu_lsu_package_o [48] is used but has no driver.
Warning: Wire rcu.\rcu_lsu_package_o [47] is used but has no driver.
Warning: Wire rcu.\rcu_lsu_package_o [46] is used but has no driver.
Warning: Wire rcu.\rcu_lsu_package_o [45] is used but has no driver.
Warning: Wire rcu.\rcu_lsu_package_o [44] is used but has no driver.
Warning: Wire rcu.\rcu_lsu_package_o [43] is used but has no driver.
Warning: Wire rcu.\rcu_lsu_package_o [42] is used but has no driver.
Warning: Wire rcu.\rcu_lsu_package_o [41] is used but has no driver.
Warning: Wire rcu.\rcu_lsu_package_o [40] is used but has no driver.
Warning: Wire rcu.\rcu_lsu_package_o [39] is used but has no driver.
Warning: Wire rcu.\rcu_lsu_package_o [38] is used but has no driver.
Warning: Wire rcu.\rcu_lsu_package_o [37] is used but has no driver.
Warning: Wire rcu.\rcu_lsu_package_o [36] is used but has no driver.
Warning: Wire rcu.\rcu_lsu_package_o [35] is used but has no driver.
Warning: Wire rcu.\rcu_lsu_package_o [34] is used but has no driver.
Warning: Wire rcu.\rcu_lsu_package_o [33] is used but has no driver.
Warning: Wire rcu.\rcu_lsu_package_o [32] is used but has no driver.
Warning: Wire rcu.\rcu_lsu_package_o [31] is used but has no driver.
Warning: Wire rcu.\rcu_lsu_package_o [30] is used but has no driver.
Warning: Wire rcu.\rcu_lsu_package_o [29] is used but has no driver.
Warning: Wire rcu.\rcu_lsu_package_o [28] is used but has no driver.
Warning: Wire rcu.\rcu_lsu_package_o [27] is used but has no driver.
Warning: Wire rcu.\rcu_lsu_package_o [26] is used but has no driver.
Warning: Wire rcu.\rcu_lsu_package_o [25] is used but has no driver.
Warning: Wire rcu.\rcu_lsu_package_o [24] is used but has no driver.
Warning: Wire rcu.\rcu_lsu_package_o [23] is used but has no driver.
Warning: Wire rcu.\rcu_lsu_package_o [22] is used but has no driver.
Warning: Wire rcu.\rcu_lsu_package_o [21] is used but has no driver.
Warning: Wire rcu.\rcu_lsu_package_o [20] is used but has no driver.
Warning: Wire rcu.\rcu_lsu_package_o [19] is used but has no driver.
Warning: Wire rcu.\rcu_lsu_package_o [18] is used but has no driver.
Warning: Wire rcu.\rcu_lsu_package_o [17] is used but has no driver.
Warning: Wire rcu.\rcu_lsu_package_o [16] is used but has no driver.
Warning: Wire rcu.\rcu_lsu_package_o [15] is used but has no driver.
Warning: Wire rcu.\rcu_lsu_package_o [14] is used but has no driver.
Warning: Wire rcu.\rcu_lsu_package_o [13] is used but has no driver.
Warning: Wire rcu.\rcu_lsu_package_o [12] is used but has no driver.
Warning: Wire rcu.\rcu_lsu_package_o [11] is used but has no driver.
Warning: Wire rcu.\rcu_lsu_package_o [10] is used but has no driver.
Warning: Wire rcu.\rcu_lsu_package_o [9] is used but has no driver.
Warning: Wire rcu.\rcu_lsu_package_o [8] is used but has no driver.
Warning: Wire rcu.\rcu_lsu_package_o [7] is used but has no driver.
Warning: Wire rcu.\rcu_lsu_package_o [6] is used but has no driver.
Warning: Wire rcu.\rcu_lsu_package_o [5] is used but has no driver.
Warning: Wire rcu.\rcu_lsu_package_o [4] is used but has no driver.
Warning: Wire rcu.\rcu_lsu_package_o [3] is used but has no driver.
Warning: Wire rcu.\rcu_lsu_package_o [2] is used but has no driver.
Warning: Wire rcu.\rcu_lsu_package_o [1] is used but has no driver.
Warning: Wire rcu.\rcu_lsu_package_o [0] is used but has no driver.
Warning: Wire rcu.\rcu_do_rob_commit_second_o is used but has no driver.
Warning: Wire rcu.\rcu_do_rob_commit_first_o is used but has no driver.
Warning: Wire rcu.\rcu_csr_rs1_data_o [63] is used but has no driver.
Warning: Wire rcu.\rcu_csr_rs1_data_o [62] is used but has no driver.
Warning: Wire rcu.\rcu_csr_rs1_data_o [61] is used but has no driver.
Warning: Wire rcu.\rcu_csr_rs1_data_o [60] is used but has no driver.
Warning: Wire rcu.\rcu_csr_rs1_data_o [59] is used but has no driver.
Warning: Wire rcu.\rcu_csr_rs1_data_o [58] is used but has no driver.
Warning: Wire rcu.\rcu_csr_rs1_data_o [57] is used but has no driver.
Warning: Wire rcu.\rcu_csr_rs1_data_o [56] is used but has no driver.
Warning: Wire rcu.\rcu_csr_rs1_data_o [55] is used but has no driver.
Warning: Wire rcu.\rcu_csr_rs1_data_o [54] is used but has no driver.
Warning: Wire rcu.\rcu_csr_rs1_data_o [53] is used but has no driver.
Warning: Wire rcu.\rcu_csr_rs1_data_o [52] is used but has no driver.
Warning: Wire rcu.\rcu_csr_rs1_data_o [51] is used but has no driver.
Warning: Wire rcu.\rcu_csr_rs1_data_o [50] is used but has no driver.
Warning: Wire rcu.\rcu_csr_rs1_data_o [49] is used but has no driver.
Warning: Wire rcu.\rcu_csr_rs1_data_o [48] is used but has no driver.
Warning: Wire rcu.\rcu_csr_rs1_data_o [47] is used but has no driver.
Warning: Wire rcu.\rcu_csr_rs1_data_o [46] is used but has no driver.
Warning: Wire rcu.\rcu_csr_rs1_data_o [45] is used but has no driver.
Warning: Wire rcu.\rcu_csr_rs1_data_o [44] is used but has no driver.
Warning: Wire rcu.\rcu_csr_rs1_data_o [43] is used but has no driver.
Warning: Wire rcu.\rcu_csr_rs1_data_o [42] is used but has no driver.
Warning: Wire rcu.\rcu_csr_rs1_data_o [41] is used but has no driver.
Warning: Wire rcu.\rcu_csr_rs1_data_o [40] is used but has no driver.
Warning: Wire rcu.\rcu_csr_rs1_data_o [39] is used but has no driver.
Warning: Wire rcu.\rcu_csr_rs1_data_o [38] is used but has no driver.
Warning: Wire rcu.\rcu_csr_rs1_data_o [37] is used but has no driver.
Warning: Wire rcu.\rcu_csr_rs1_data_o [36] is used but has no driver.
Warning: Wire rcu.\rcu_csr_rs1_data_o [35] is used but has no driver.
Warning: Wire rcu.\rcu_csr_rs1_data_o [34] is used but has no driver.
Warning: Wire rcu.\rcu_csr_rs1_data_o [33] is used but has no driver.
Warning: Wire rcu.\rcu_csr_rs1_data_o [32] is used but has no driver.
Warning: Wire rcu.\rcu_csr_rs1_data_o [31] is used but has no driver.
Warning: Wire rcu.\rcu_csr_rs1_data_o [30] is used but has no driver.
Warning: Wire rcu.\rcu_csr_rs1_data_o [29] is used but has no driver.
Warning: Wire rcu.\rcu_csr_rs1_data_o [28] is used but has no driver.
Warning: Wire rcu.\rcu_csr_rs1_data_o [27] is used but has no driver.
Warning: Wire rcu.\rcu_csr_rs1_data_o [26] is used but has no driver.
Warning: Wire rcu.\rcu_csr_rs1_data_o [25] is used but has no driver.
Warning: Wire rcu.\rcu_csr_rs1_data_o [24] is used but has no driver.
Warning: Wire rcu.\rcu_csr_rs1_data_o [23] is used but has no driver.
Warning: Wire rcu.\rcu_csr_rs1_data_o [22] is used but has no driver.
Warning: Wire rcu.\rcu_csr_rs1_data_o [21] is used but has no driver.
Warning: Wire rcu.\rcu_csr_rs1_data_o [20] is used but has no driver.
Warning: Wire rcu.\rcu_csr_rs1_data_o [19] is used but has no driver.
Warning: Wire rcu.\rcu_csr_rs1_data_o [18] is used but has no driver.
Warning: Wire rcu.\rcu_csr_rs1_data_o [17] is used but has no driver.
Warning: Wire rcu.\rcu_csr_rs1_data_o [16] is used but has no driver.
Warning: Wire rcu.\rcu_csr_rs1_data_o [15] is used but has no driver.
Warning: Wire rcu.\rcu_csr_rs1_data_o [14] is used but has no driver.
Warning: Wire rcu.\rcu_csr_rs1_data_o [13] is used but has no driver.
Warning: Wire rcu.\rcu_csr_rs1_data_o [12] is used but has no driver.
Warning: Wire rcu.\rcu_csr_rs1_data_o [11] is used but has no driver.
Warning: Wire rcu.\rcu_csr_rs1_data_o [10] is used but has no driver.
Warning: Wire rcu.\rcu_csr_rs1_data_o [9] is used but has no driver.
Warning: Wire rcu.\rcu_csr_rs1_data_o [8] is used but has no driver.
Warning: Wire rcu.\rcu_csr_rs1_data_o [7] is used but has no driver.
Warning: Wire rcu.\rcu_csr_rs1_data_o [6] is used but has no driver.
Warning: Wire rcu.\rcu_csr_rs1_data_o [5] is used but has no driver.
Warning: Wire rcu.\rcu_csr_rs1_data_o [4] is used but has no driver.
Warning: Wire rcu.\rcu_csr_rs1_data_o [3] is used but has no driver.
Warning: Wire rcu.\rcu_csr_rs1_data_o [2] is used but has no driver.
Warning: Wire rcu.\rcu_csr_rs1_data_o [1] is used but has no driver.
Warning: Wire rcu.\rcu_csr_rs1_data_o [0] is used but has no driver.
Warning: Wire rcu.\rcu_csr_rob_index_o [3] is used but has no driver.
Warning: Wire rcu.\rcu_csr_rob_index_o [2] is used but has no driver.
Warning: Wire rcu.\rcu_csr_rob_index_o [1] is used but has no driver.
Warning: Wire rcu.\rcu_csr_rob_index_o [0] is used but has no driver.
Warning: Wire rcu.\rcu_csr_req_valid_o is used but has no driver.
Warning: Wire rcu.\rcu_csr_prd_address_o [5] is used but has no driver.
Warning: Wire rcu.\rcu_csr_prd_address_o [4] is used but has no driver.
Warning: Wire rcu.\rcu_csr_prd_address_o [3] is used but has no driver.
Warning: Wire rcu.\rcu_csr_prd_address_o [2] is used but has no driver.
Warning: Wire rcu.\rcu_csr_prd_address_o [1] is used but has no driver.
Warning: Wire rcu.\rcu_csr_prd_address_o [0] is used but has no driver.
Warning: Wire rcu.\rcu_csr_imm_data_o [31] is used but has no driver.
Warning: Wire rcu.\rcu_csr_imm_data_o [30] is used but has no driver.
Warning: Wire rcu.\rcu_csr_imm_data_o [29] is used but has no driver.
Warning: Wire rcu.\rcu_csr_imm_data_o [28] is used but has no driver.
Warning: Wire rcu.\rcu_csr_imm_data_o [27] is used but has no driver.
Warning: Wire rcu.\rcu_csr_imm_data_o [26] is used but has no driver.
Warning: Wire rcu.\rcu_csr_imm_data_o [25] is used but has no driver.
Warning: Wire rcu.\rcu_csr_imm_data_o [24] is used but has no driver.
Warning: Wire rcu.\rcu_csr_imm_data_o [23] is used but has no driver.
Warning: Wire rcu.\rcu_csr_imm_data_o [22] is used but has no driver.
Warning: Wire rcu.\rcu_csr_imm_data_o [21] is used but has no driver.
Warning: Wire rcu.\rcu_csr_imm_data_o [20] is used but has no driver.
Warning: Wire rcu.\rcu_csr_imm_data_o [19] is used but has no driver.
Warning: Wire rcu.\rcu_csr_imm_data_o [18] is used but has no driver.
Warning: Wire rcu.\rcu_csr_imm_data_o [17] is used but has no driver.
Warning: Wire rcu.\rcu_csr_imm_data_o [16] is used but has no driver.
Warning: Wire rcu.\rcu_csr_imm_data_o [15] is used but has no driver.
Warning: Wire rcu.\rcu_csr_imm_data_o [14] is used but has no driver.
Warning: Wire rcu.\rcu_csr_imm_data_o [13] is used but has no driver.
Warning: Wire rcu.\rcu_csr_imm_data_o [12] is used but has no driver.
Warning: Wire rcu.\rcu_csr_imm_data_o [11] is used but has no driver.
Warning: Wire rcu.\rcu_csr_imm_data_o [10] is used but has no driver.
Warning: Wire rcu.\rcu_csr_imm_data_o [9] is used but has no driver.
Warning: Wire rcu.\rcu_csr_imm_data_o [8] is used but has no driver.
Warning: Wire rcu.\rcu_csr_imm_data_o [7] is used but has no driver.
Warning: Wire rcu.\rcu_csr_imm_data_o [6] is used but has no driver.
Warning: Wire rcu.\rcu_csr_imm_data_o [5] is used but has no driver.
Warning: Wire rcu.\rcu_csr_imm_data_o [4] is used but has no driver.
Warning: Wire rcu.\rcu_csr_imm_data_o [3] is used but has no driver.
Warning: Wire rcu.\rcu_csr_imm_data_o [2] is used but has no driver.
Warning: Wire rcu.\rcu_csr_imm_data_o [1] is used but has no driver.
Warning: Wire rcu.\rcu_csr_imm_data_o [0] is used but has no driver.
Warning: Wire rcu.\rcu_csr_func3_o [2] is used but has no driver.
Warning: Wire rcu.\rcu_csr_func3_o [1] is used but has no driver.
Warning: Wire rcu.\rcu_csr_func3_o [0] is used but has no driver.
Warning: Wire rcu.\rcu_csr_do_write_o is used but has no driver.
Warning: Wire rcu.\rcu_csr_do_read_o is used but has no driver.
Warning: Wire rcu.\rcu_csr_address_o [11] is used but has no driver.
Warning: Wire rcu.\rcu_csr_address_o [10] is used but has no driver.
Warning: Wire rcu.\rcu_csr_address_o [9] is used but has no driver.
Warning: Wire rcu.\rcu_csr_address_o [8] is used but has no driver.
Warning: Wire rcu.\rcu_csr_address_o [7] is used but has no driver.
Warning: Wire rcu.\rcu_csr_address_o [6] is used but has no driver.
Warning: Wire rcu.\rcu_csr_address_o [5] is used but has no driver.
Warning: Wire rcu.\rcu_csr_address_o [4] is used but has no driver.
Warning: Wire rcu.\rcu_csr_address_o [3] is used but has no driver.
Warning: Wire rcu.\rcu_csr_address_o [2] is used but has no driver.
Warning: Wire rcu.\rcu_csr_address_o [1] is used but has no driver.
Warning: Wire rcu.\rcu_csr_address_o [0] is used but has no driver.
Warning: Wire rcu.\rcu_cmt_pc_o [31] is used but has no driver.
Warning: Wire rcu.\rcu_cmt_pc_o [30] is used but has no driver.
Warning: Wire rcu.\rcu_cmt_pc_o [29] is used but has no driver.
Warning: Wire rcu.\rcu_cmt_pc_o [28] is used but has no driver.
Warning: Wire rcu.\rcu_cmt_pc_o [27] is used but has no driver.
Warning: Wire rcu.\rcu_cmt_pc_o [26] is used but has no driver.
Warning: Wire rcu.\rcu_cmt_pc_o [25] is used but has no driver.
Warning: Wire rcu.\rcu_cmt_pc_o [24] is used but has no driver.
Warning: Wire rcu.\rcu_cmt_pc_o [23] is used but has no driver.
Warning: Wire rcu.\rcu_cmt_pc_o [22] is used but has no driver.
Warning: Wire rcu.\rcu_cmt_pc_o [21] is used but has no driver.
Warning: Wire rcu.\rcu_cmt_pc_o [20] is used but has no driver.
Warning: Wire rcu.\rcu_cmt_pc_o [19] is used but has no driver.
Warning: Wire rcu.\rcu_cmt_pc_o [18] is used but has no driver.
Warning: Wire rcu.\rcu_cmt_pc_o [17] is used but has no driver.
Warning: Wire rcu.\rcu_cmt_pc_o [16] is used but has no driver.
Warning: Wire rcu.\rcu_cmt_pc_o [15] is used but has no driver.
Warning: Wire rcu.\rcu_cmt_pc_o [14] is used but has no driver.
Warning: Wire rcu.\rcu_cmt_pc_o [13] is used but has no driver.
Warning: Wire rcu.\rcu_cmt_pc_o [12] is used but has no driver.
Warning: Wire rcu.\rcu_cmt_pc_o [11] is used but has no driver.
Warning: Wire rcu.\rcu_cmt_pc_o [10] is used but has no driver.
Warning: Wire rcu.\rcu_cmt_pc_o [9] is used but has no driver.
Warning: Wire rcu.\rcu_cmt_pc_o [8] is used but has no driver.
Warning: Wire rcu.\rcu_cmt_pc_o [7] is used but has no driver.
Warning: Wire rcu.\rcu_cmt_pc_o [6] is used but has no driver.
Warning: Wire rcu.\rcu_cmt_pc_o [5] is used but has no driver.
Warning: Wire rcu.\rcu_cmt_pc_o [4] is used but has no driver.
Warning: Wire rcu.\rcu_cmt_pc_o [3] is used but has no driver.
Warning: Wire rcu.\rcu_cmt_pc_o [2] is used but has no driver.
Warning: Wire rcu.\rcu_cmt_pc_o [1] is used but has no driver.
Warning: Wire rcu.\rcu_cmt_pc_o [0] is used but has no driver.
Warning: Wire rcu.\rcu_cmt_is_wfi is used but has no driver.
Warning: Wire rcu.\rcu_cmt_is_sret is used but has no driver.
Warning: Wire rcu.\rcu_cmt_is_mret is used but has no driver.
Warning: Wire rcu.\rcu_cmt_exception_o is used but has no driver.
Warning: Wire rcu.\rcu_cmt_ecause_o [3] is used but has no driver.
Warning: Wire rcu.\rcu_cmt_ecause_o [2] is used but has no driver.
Warning: Wire rcu.\rcu_cmt_ecause_o [1] is used but has no driver.
Warning: Wire rcu.\rcu_cmt_ecause_o [0] is used but has no driver.
Warning: Wire rcu.\rcu_bpu_cmt_pc_o [31] is used but has no driver.
Warning: Wire rcu.\rcu_bpu_cmt_pc_o [30] is used but has no driver.
Warning: Wire rcu.\rcu_bpu_cmt_pc_o [29] is used but has no driver.
Warning: Wire rcu.\rcu_bpu_cmt_pc_o [28] is used but has no driver.
Warning: Wire rcu.\rcu_bpu_cmt_pc_o [27] is used but has no driver.
Warning: Wire rcu.\rcu_bpu_cmt_pc_o [26] is used but has no driver.
Warning: Wire rcu.\rcu_bpu_cmt_pc_o [25] is used but has no driver.
Warning: Wire rcu.\rcu_bpu_cmt_pc_o [24] is used but has no driver.
Warning: Wire rcu.\rcu_bpu_cmt_pc_o [23] is used but has no driver.
Warning: Wire rcu.\rcu_bpu_cmt_pc_o [22] is used but has no driver.
Warning: Wire rcu.\rcu_bpu_cmt_pc_o [21] is used but has no driver.
Warning: Wire rcu.\rcu_bpu_cmt_pc_o [20] is used but has no driver.
Warning: Wire rcu.\rcu_bpu_cmt_pc_o [19] is used but has no driver.
Warning: Wire rcu.\rcu_bpu_cmt_pc_o [18] is used but has no driver.
Warning: Wire rcu.\rcu_bpu_cmt_pc_o [17] is used but has no driver.
Warning: Wire rcu.\rcu_bpu_cmt_pc_o [16] is used but has no driver.
Warning: Wire rcu.\rcu_bpu_cmt_pc_o [15] is used but has no driver.
Warning: Wire rcu.\rcu_bpu_cmt_pc_o [14] is used but has no driver.
Warning: Wire rcu.\rcu_bpu_cmt_pc_o [13] is used but has no driver.
Warning: Wire rcu.\rcu_bpu_cmt_pc_o [12] is used but has no driver.
Warning: Wire rcu.\rcu_bpu_cmt_pc_o [11] is used but has no driver.
Warning: Wire rcu.\rcu_bpu_cmt_pc_o [10] is used but has no driver.
Warning: Wire rcu.\rcu_bpu_cmt_pc_o [9] is used but has no driver.
Warning: Wire rcu.\rcu_bpu_cmt_pc_o [8] is used but has no driver.
Warning: Wire rcu.\rcu_bpu_cmt_pc_o [7] is used but has no driver.
Warning: Wire rcu.\rcu_bpu_cmt_pc_o [6] is used but has no driver.
Warning: Wire rcu.\rcu_bpu_cmt_pc_o [5] is used but has no driver.
Warning: Wire rcu.\rcu_bpu_cmt_pc_o [4] is used but has no driver.
Warning: Wire rcu.\rcu_bpu_cmt_pc_o [3] is used but has no driver.
Warning: Wire rcu.\rcu_bpu_cmt_pc_o [2] is used but has no driver.
Warning: Wire rcu.\rcu_bpu_cmt_pc_o [1] is used but has no driver.
Warning: Wire rcu.\rcu_bpu_cmt_pc_o [0] is used but has no driver.
Warning: Wire rcu.\rcu_bpu_cmt_is_branch_o is used but has no driver.
Warning: Wire rcu.\rcu_bpu_cmt_final_pc_o [31] is used but has no driver.
Warning: Wire rcu.\rcu_bpu_cmt_final_pc_o [30] is used but has no driver.
Warning: Wire rcu.\rcu_bpu_cmt_final_pc_o [29] is used but has no driver.
Warning: Wire rcu.\rcu_bpu_cmt_final_pc_o [28] is used but has no driver.
Warning: Wire rcu.\rcu_bpu_cmt_final_pc_o [27] is used but has no driver.
Warning: Wire rcu.\rcu_bpu_cmt_final_pc_o [26] is used but has no driver.
Warning: Wire rcu.\rcu_bpu_cmt_final_pc_o [25] is used but has no driver.
Warning: Wire rcu.\rcu_bpu_cmt_final_pc_o [24] is used but has no driver.
Warning: Wire rcu.\rcu_bpu_cmt_final_pc_o [23] is used but has no driver.
Warning: Wire rcu.\rcu_bpu_cmt_final_pc_o [22] is used but has no driver.
Warning: Wire rcu.\rcu_bpu_cmt_final_pc_o [21] is used but has no driver.
Warning: Wire rcu.\rcu_bpu_cmt_final_pc_o [20] is used but has no driver.
Warning: Wire rcu.\rcu_bpu_cmt_final_pc_o [19] is used but has no driver.
Warning: Wire rcu.\rcu_bpu_cmt_final_pc_o [18] is used but has no driver.
Warning: Wire rcu.\rcu_bpu_cmt_final_pc_o [17] is used but has no driver.
Warning: Wire rcu.\rcu_bpu_cmt_final_pc_o [16] is used but has no driver.
Warning: Wire rcu.\rcu_bpu_cmt_final_pc_o [15] is used but has no driver.
Warning: Wire rcu.\rcu_bpu_cmt_final_pc_o [14] is used but has no driver.
Warning: Wire rcu.\rcu_bpu_cmt_final_pc_o [13] is used but has no driver.
Warning: Wire rcu.\rcu_bpu_cmt_final_pc_o [12] is used but has no driver.
Warning: Wire rcu.\rcu_bpu_cmt_final_pc_o [11] is used but has no driver.
Warning: Wire rcu.\rcu_bpu_cmt_final_pc_o [10] is used but has no driver.
Warning: Wire rcu.\rcu_bpu_cmt_final_pc_o [9] is used but has no driver.
Warning: Wire rcu.\rcu_bpu_cmt_final_pc_o [8] is used but has no driver.
Warning: Wire rcu.\rcu_bpu_cmt_final_pc_o [7] is used but has no driver.
Warning: Wire rcu.\rcu_bpu_cmt_final_pc_o [6] is used but has no driver.
Warning: Wire rcu.\rcu_bpu_cmt_final_pc_o [5] is used but has no driver.
Warning: Wire rcu.\rcu_bpu_cmt_final_pc_o [4] is used but has no driver.
Warning: Wire rcu.\rcu_bpu_cmt_final_pc_o [3] is used but has no driver.
Warning: Wire rcu.\rcu_bpu_cmt_final_pc_o [2] is used but has no driver.
Warning: Wire rcu.\rcu_bpu_cmt_final_pc_o [1] is used but has no driver.
Warning: Wire rcu.\rcu_bpu_cmt_final_pc_o [0] is used but has no driver.
Warning: Wire rcu.\rcu_bpu_cmt_branch_taken_o is used but has no driver.
Warning: Wire rcu.\rcu_alu2_select_b_o [1] is used but has no driver.
Warning: Wire rcu.\rcu_alu2_select_b_o [0] is used but has no driver.
Warning: Wire rcu.\rcu_alu2_select_a_o [1] is used but has no driver.
Warning: Wire rcu.\rcu_alu2_select_a_o [0] is used but has no driver.
Warning: Wire rcu.\rcu_alu2_rs2_data_o [63] is used but has no driver.
Warning: Wire rcu.\rcu_alu2_rs2_data_o [62] is used but has no driver.
Warning: Wire rcu.\rcu_alu2_rs2_data_o [61] is used but has no driver.
Warning: Wire rcu.\rcu_alu2_rs2_data_o [60] is used but has no driver.
Warning: Wire rcu.\rcu_alu2_rs2_data_o [59] is used but has no driver.
Warning: Wire rcu.\rcu_alu2_rs2_data_o [58] is used but has no driver.
Warning: Wire rcu.\rcu_alu2_rs2_data_o [57] is used but has no driver.
Warning: Wire rcu.\rcu_alu2_rs2_data_o [56] is used but has no driver.
Warning: Wire rcu.\rcu_alu2_rs2_data_o [55] is used but has no driver.
Warning: Wire rcu.\rcu_alu2_rs2_data_o [54] is used but has no driver.
Warning: Wire rcu.\rcu_alu2_rs2_data_o [53] is used but has no driver.
Warning: Wire rcu.\rcu_alu2_rs2_data_o [52] is used but has no driver.
Warning: Wire rcu.\rcu_alu2_rs2_data_o [51] is used but has no driver.
Warning: Wire rcu.\rcu_alu2_rs2_data_o [50] is used but has no driver.
Warning: Wire rcu.\rcu_alu2_rs2_data_o [49] is used but has no driver.
Warning: Wire rcu.\rcu_alu2_rs2_data_o [48] is used but has no driver.
Warning: Wire rcu.\rcu_alu2_rs2_data_o [47] is used but has no driver.
Warning: Wire rcu.\rcu_alu2_rs2_data_o [46] is used but has no driver.
Warning: Wire rcu.\rcu_alu2_rs2_data_o [45] is used but has no driver.
Warning: Wire rcu.\rcu_alu2_rs2_data_o [44] is used but has no driver.
Warning: Wire rcu.\rcu_alu2_rs2_data_o [43] is used but has no driver.
Warning: Wire rcu.\rcu_alu2_rs2_data_o [42] is used but has no driver.
Warning: Wire rcu.\rcu_alu2_rs2_data_o [41] is used but has no driver.
Warning: Wire rcu.\rcu_alu2_rs2_data_o [40] is used but has no driver.
Warning: Wire rcu.\rcu_alu2_rs2_data_o [39] is used but has no driver.
Warning: Wire rcu.\rcu_alu2_rs2_data_o [38] is used but has no driver.
Warning: Wire rcu.\rcu_alu2_rs2_data_o [37] is used but has no driver.
Warning: Wire rcu.\rcu_alu2_rs2_data_o [36] is used but has no driver.
Warning: Wire rcu.\rcu_alu2_rs2_data_o [35] is used but has no driver.
Warning: Wire rcu.\rcu_alu2_rs2_data_o [34] is used but has no driver.
Warning: Wire rcu.\rcu_alu2_rs2_data_o [33] is used but has no driver.
Warning: Wire rcu.\rcu_alu2_rs2_data_o [32] is used but has no driver.
Warning: Wire rcu.\rcu_alu2_rs2_data_o [31] is used but has no driver.
Warning: Wire rcu.\rcu_alu2_rs2_data_o [30] is used but has no driver.
Warning: Wire rcu.\rcu_alu2_rs2_data_o [29] is used but has no driver.
Warning: Wire rcu.\rcu_alu2_rs2_data_o [28] is used but has no driver.
Warning: Wire rcu.\rcu_alu2_rs2_data_o [27] is used but has no driver.
Warning: Wire rcu.\rcu_alu2_rs2_data_o [26] is used but has no driver.
Warning: Wire rcu.\rcu_alu2_rs2_data_o [25] is used but has no driver.
Warning: Wire rcu.\rcu_alu2_rs2_data_o [24] is used but has no driver.
Warning: Wire rcu.\rcu_alu2_rs2_data_o [23] is used but has no driver.
Warning: Wire rcu.\rcu_alu2_rs2_data_o [22] is used but has no driver.
Warning: Wire rcu.\rcu_alu2_rs2_data_o [21] is used but has no driver.
Warning: Wire rcu.\rcu_alu2_rs2_data_o [20] is used but has no driver.
Warning: Wire rcu.\rcu_alu2_rs2_data_o [19] is used but has no driver.
Warning: Wire rcu.\rcu_alu2_rs2_data_o [18] is used but has no driver.
Warning: Wire rcu.\rcu_alu2_rs2_data_o [17] is used but has no driver.
Warning: Wire rcu.\rcu_alu2_rs2_data_o [16] is used but has no driver.
Warning: Wire rcu.\rcu_alu2_rs2_data_o [15] is used but has no driver.
Warning: Wire rcu.\rcu_alu2_rs2_data_o [14] is used but has no driver.
Warning: Wire rcu.\rcu_alu2_rs2_data_o [13] is used but has no driver.
Warning: Wire rcu.\rcu_alu2_rs2_data_o [12] is used but has no driver.
Warning: Wire rcu.\rcu_alu2_rs2_data_o [11] is used but has no driver.
Warning: Wire rcu.\rcu_alu2_rs2_data_o [10] is used but has no driver.
Warning: Wire rcu.\rcu_alu2_rs2_data_o [9] is used but has no driver.
Warning: Wire rcu.\rcu_alu2_rs2_data_o [8] is used but has no driver.
Warning: Wire rcu.\rcu_alu2_rs2_data_o [7] is used but has no driver.
Warning: Wire rcu.\rcu_alu2_rs2_data_o [6] is used but has no driver.
Warning: Wire rcu.\rcu_alu2_rs2_data_o [5] is used but has no driver.
Warning: Wire rcu.\rcu_alu2_rs2_data_o [4] is used but has no driver.
Warning: Wire rcu.\rcu_alu2_rs2_data_o [3] is used but has no driver.
Warning: Wire rcu.\rcu_alu2_rs2_data_o [2] is used but has no driver.
Warning: Wire rcu.\rcu_alu2_rs2_data_o [1] is used but has no driver.
Warning: Wire rcu.\rcu_alu2_rs2_data_o [0] is used but has no driver.
Warning: Wire rcu.\rcu_alu2_rs1_data_o [63] is used but has no driver.
Warning: Wire rcu.\rcu_alu2_rs1_data_o [62] is used but has no driver.
Warning: Wire rcu.\rcu_alu2_rs1_data_o [61] is used but has no driver.
Warning: Wire rcu.\rcu_alu2_rs1_data_o [60] is used but has no driver.
Warning: Wire rcu.\rcu_alu2_rs1_data_o [59] is used but has no driver.
Warning: Wire rcu.\rcu_alu2_rs1_data_o [58] is used but has no driver.
Warning: Wire rcu.\rcu_alu2_rs1_data_o [57] is used but has no driver.
Warning: Wire rcu.\rcu_alu2_rs1_data_o [56] is used but has no driver.
Warning: Wire rcu.\rcu_alu2_rs1_data_o [55] is used but has no driver.
Warning: Wire rcu.\rcu_alu2_rs1_data_o [54] is used but has no driver.
Warning: Wire rcu.\rcu_alu2_rs1_data_o [53] is used but has no driver.
Warning: Wire rcu.\rcu_alu2_rs1_data_o [52] is used but has no driver.
Warning: Wire rcu.\rcu_alu2_rs1_data_o [51] is used but has no driver.
Warning: Wire rcu.\rcu_alu2_rs1_data_o [50] is used but has no driver.
Warning: Wire rcu.\rcu_alu2_rs1_data_o [49] is used but has no driver.
Warning: Wire rcu.\rcu_alu2_rs1_data_o [48] is used but has no driver.
Warning: Wire rcu.\rcu_alu2_rs1_data_o [47] is used but has no driver.
Warning: Wire rcu.\rcu_alu2_rs1_data_o [46] is used but has no driver.
Warning: Wire rcu.\rcu_alu2_rs1_data_o [45] is used but has no driver.
Warning: Wire rcu.\rcu_alu2_rs1_data_o [44] is used but has no driver.
Warning: Wire rcu.\rcu_alu2_rs1_data_o [43] is used but has no driver.
Warning: Wire rcu.\rcu_alu2_rs1_data_o [42] is used but has no driver.
Warning: Wire rcu.\rcu_alu2_rs1_data_o [41] is used but has no driver.
Warning: Wire rcu.\rcu_alu2_rs1_data_o [40] is used but has no driver.
Warning: Wire rcu.\rcu_alu2_rs1_data_o [39] is used but has no driver.
Warning: Wire rcu.\rcu_alu2_rs1_data_o [38] is used but has no driver.
Warning: Wire rcu.\rcu_alu2_rs1_data_o [37] is used but has no driver.
Warning: Wire rcu.\rcu_alu2_rs1_data_o [36] is used but has no driver.
Warning: Wire rcu.\rcu_alu2_rs1_data_o [35] is used but has no driver.
Warning: Wire rcu.\rcu_alu2_rs1_data_o [34] is used but has no driver.
Warning: Wire rcu.\rcu_alu2_rs1_data_o [33] is used but has no driver.
Warning: Wire rcu.\rcu_alu2_rs1_data_o [32] is used but has no driver.
Warning: Wire rcu.\rcu_alu2_rs1_data_o [31] is used but has no driver.
Warning: Wire rcu.\rcu_alu2_rs1_data_o [30] is used but has no driver.
Warning: Wire rcu.\rcu_alu2_rs1_data_o [29] is used but has no driver.
Warning: Wire rcu.\rcu_alu2_rs1_data_o [28] is used but has no driver.
Warning: Wire rcu.\rcu_alu2_rs1_data_o [27] is used but has no driver.
Warning: Wire rcu.\rcu_alu2_rs1_data_o [26] is used but has no driver.
Warning: Wire rcu.\rcu_alu2_rs1_data_o [25] is used but has no driver.
Warning: Wire rcu.\rcu_alu2_rs1_data_o [24] is used but has no driver.
Warning: Wire rcu.\rcu_alu2_rs1_data_o [23] is used but has no driver.
Warning: Wire rcu.\rcu_alu2_rs1_data_o [22] is used but has no driver.
Warning: Wire rcu.\rcu_alu2_rs1_data_o [21] is used but has no driver.
Warning: Wire rcu.\rcu_alu2_rs1_data_o [20] is used but has no driver.
Warning: Wire rcu.\rcu_alu2_rs1_data_o [19] is used but has no driver.
Warning: Wire rcu.\rcu_alu2_rs1_data_o [18] is used but has no driver.
Warning: Wire rcu.\rcu_alu2_rs1_data_o [17] is used but has no driver.
Warning: Wire rcu.\rcu_alu2_rs1_data_o [16] is used but has no driver.
Warning: Wire rcu.\rcu_alu2_rs1_data_o [15] is used but has no driver.
Warning: Wire rcu.\rcu_alu2_rs1_data_o [14] is used but has no driver.
Warning: Wire rcu.\rcu_alu2_rs1_data_o [13] is used but has no driver.
Warning: Wire rcu.\rcu_alu2_rs1_data_o [12] is used but has no driver.
Warning: Wire rcu.\rcu_alu2_rs1_data_o [11] is used but has no driver.
Warning: Wire rcu.\rcu_alu2_rs1_data_o [10] is used but has no driver.
Warning: Wire rcu.\rcu_alu2_rs1_data_o [9] is used but has no driver.
Warning: Wire rcu.\rcu_alu2_rs1_data_o [8] is used but has no driver.
Warning: Wire rcu.\rcu_alu2_rs1_data_o [7] is used but has no driver.
Warning: Wire rcu.\rcu_alu2_rs1_data_o [6] is used but has no driver.
Warning: Wire rcu.\rcu_alu2_rs1_data_o [5] is used but has no driver.
Warning: Wire rcu.\rcu_alu2_rs1_data_o [4] is used but has no driver.
Warning: Wire rcu.\rcu_alu2_rs1_data_o [3] is used but has no driver.
Warning: Wire rcu.\rcu_alu2_rs1_data_o [2] is used but has no driver.
Warning: Wire rcu.\rcu_alu2_rs1_data_o [1] is used but has no driver.
Warning: Wire rcu.\rcu_alu2_rs1_data_o [0] is used but has no driver.
Warning: Wire rcu.\rcu_alu2_rob_index_o [3] is used but has no driver.
Warning: Wire rcu.\rcu_alu2_rob_index_o [2] is used but has no driver.
Warning: Wire rcu.\rcu_alu2_rob_index_o [1] is used but has no driver.
Warning: Wire rcu.\rcu_alu2_rob_index_o [0] is used but has no driver.
Warning: Wire rcu.\rcu_alu2_req_valid_o is used but has no driver.
Warning: Wire rcu.\rcu_alu2_predict_pc_o [31] is used but has no driver.
Warning: Wire rcu.\rcu_alu2_predict_pc_o [30] is used but has no driver.
Warning: Wire rcu.\rcu_alu2_predict_pc_o [29] is used but has no driver.
Warning: Wire rcu.\rcu_alu2_predict_pc_o [28] is used but has no driver.
Warning: Wire rcu.\rcu_alu2_predict_pc_o [27] is used but has no driver.
Warning: Wire rcu.\rcu_alu2_predict_pc_o [26] is used but has no driver.
Warning: Wire rcu.\rcu_alu2_predict_pc_o [25] is used but has no driver.
Warning: Wire rcu.\rcu_alu2_predict_pc_o [24] is used but has no driver.
Warning: Wire rcu.\rcu_alu2_predict_pc_o [23] is used but has no driver.
Warning: Wire rcu.\rcu_alu2_predict_pc_o [22] is used but has no driver.
Warning: Wire rcu.\rcu_alu2_predict_pc_o [21] is used but has no driver.
Warning: Wire rcu.\rcu_alu2_predict_pc_o [20] is used but has no driver.
Warning: Wire rcu.\rcu_alu2_predict_pc_o [19] is used but has no driver.
Warning: Wire rcu.\rcu_alu2_predict_pc_o [18] is used but has no driver.
Warning: Wire rcu.\rcu_alu2_predict_pc_o [17] is used but has no driver.
Warning: Wire rcu.\rcu_alu2_predict_pc_o [16] is used but has no driver.
Warning: Wire rcu.\rcu_alu2_predict_pc_o [15] is used but has no driver.
Warning: Wire rcu.\rcu_alu2_predict_pc_o [14] is used but has no driver.
Warning: Wire rcu.\rcu_alu2_predict_pc_o [13] is used but has no driver.
Warning: Wire rcu.\rcu_alu2_predict_pc_o [12] is used but has no driver.
Warning: Wire rcu.\rcu_alu2_predict_pc_o [11] is used but has no driver.
Warning: Wire rcu.\rcu_alu2_predict_pc_o [10] is used but has no driver.
Warning: Wire rcu.\rcu_alu2_predict_pc_o [9] is used but has no driver.
Warning: Wire rcu.\rcu_alu2_predict_pc_o [8] is used but has no driver.
Warning: Wire rcu.\rcu_alu2_predict_pc_o [7] is used but has no driver.
Warning: Wire rcu.\rcu_alu2_predict_pc_o [6] is used but has no driver.
Warning: Wire rcu.\rcu_alu2_predict_pc_o [5] is used but has no driver.
Warning: Wire rcu.\rcu_alu2_predict_pc_o [4] is used but has no driver.
Warning: Wire rcu.\rcu_alu2_predict_pc_o [3] is used but has no driver.
Warning: Wire rcu.\rcu_alu2_predict_pc_o [2] is used but has no driver.
Warning: Wire rcu.\rcu_alu2_predict_pc_o [1] is used but has no driver.
Warning: Wire rcu.\rcu_alu2_predict_pc_o [0] is used but has no driver.
Warning: Wire rcu.\rcu_alu2_prd_address_o [5] is used but has no driver.
Warning: Wire rcu.\rcu_alu2_prd_address_o [4] is used but has no driver.
Warning: Wire rcu.\rcu_alu2_prd_address_o [3] is used but has no driver.
Warning: Wire rcu.\rcu_alu2_prd_address_o [2] is used but has no driver.
Warning: Wire rcu.\rcu_alu2_prd_address_o [1] is used but has no driver.
Warning: Wire rcu.\rcu_alu2_prd_address_o [0] is used but has no driver.
Warning: Wire rcu.\rcu_alu2_pc_o [31] is used but has no driver.
Warning: Wire rcu.\rcu_alu2_pc_o [30] is used but has no driver.
Warning: Wire rcu.\rcu_alu2_pc_o [29] is used but has no driver.
Warning: Wire rcu.\rcu_alu2_pc_o [28] is used but has no driver.
Warning: Wire rcu.\rcu_alu2_pc_o [27] is used but has no driver.
Warning: Wire rcu.\rcu_alu2_pc_o [26] is used but has no driver.
Warning: Wire rcu.\rcu_alu2_pc_o [25] is used but has no driver.
Warning: Wire rcu.\rcu_alu2_pc_o [24] is used but has no driver.
Warning: Wire rcu.\rcu_alu2_pc_o [23] is used but has no driver.
Warning: Wire rcu.\rcu_alu2_pc_o [22] is used but has no driver.
Warning: Wire rcu.\rcu_alu2_pc_o [21] is used but has no driver.
Warning: Wire rcu.\rcu_alu2_pc_o [20] is used but has no driver.
Warning: Wire rcu.\rcu_alu2_pc_o [19] is used but has no driver.
Warning: Wire rcu.\rcu_alu2_pc_o [18] is used but has no driver.
Warning: Wire rcu.\rcu_alu2_pc_o [17] is used but has no driver.
Warning: Wire rcu.\rcu_alu2_pc_o [16] is used but has no driver.
Warning: Wire rcu.\rcu_alu2_pc_o [15] is used but has no driver.
Warning: Wire rcu.\rcu_alu2_pc_o [14] is used but has no driver.
Warning: Wire rcu.\rcu_alu2_pc_o [13] is used but has no driver.
Warning: Wire rcu.\rcu_alu2_pc_o [12] is used but has no driver.
Warning: Wire rcu.\rcu_alu2_pc_o [11] is used but has no driver.
Warning: Wire rcu.\rcu_alu2_pc_o [10] is used but has no driver.
Warning: Wire rcu.\rcu_alu2_pc_o [9] is used but has no driver.
Warning: Wire rcu.\rcu_alu2_pc_o [8] is used but has no driver.
Warning: Wire rcu.\rcu_alu2_pc_o [7] is used but has no driver.
Warning: Wire rcu.\rcu_alu2_pc_o [6] is used but has no driver.
Warning: Wire rcu.\rcu_alu2_pc_o [5] is used but has no driver.
Warning: Wire rcu.\rcu_alu2_pc_o [4] is used but has no driver.
Warning: Wire rcu.\rcu_alu2_pc_o [3] is used but has no driver.
Warning: Wire rcu.\rcu_alu2_pc_o [2] is used but has no driver.
Warning: Wire rcu.\rcu_alu2_pc_o [1] is used but has no driver.
Warning: Wire rcu.\rcu_alu2_pc_o [0] is used but has no driver.
Warning: Wire rcu.\rcu_alu2_next_pc_o [31] is used but has no driver.
Warning: Wire rcu.\rcu_alu2_next_pc_o [30] is used but has no driver.
Warning: Wire rcu.\rcu_alu2_next_pc_o [29] is used but has no driver.
Warning: Wire rcu.\rcu_alu2_next_pc_o [28] is used but has no driver.
Warning: Wire rcu.\rcu_alu2_next_pc_o [27] is used but has no driver.
Warning: Wire rcu.\rcu_alu2_next_pc_o [26] is used but has no driver.
Warning: Wire rcu.\rcu_alu2_next_pc_o [25] is used but has no driver.
Warning: Wire rcu.\rcu_alu2_next_pc_o [24] is used but has no driver.
Warning: Wire rcu.\rcu_alu2_next_pc_o [23] is used but has no driver.
Warning: Wire rcu.\rcu_alu2_next_pc_o [22] is used but has no driver.
Warning: Wire rcu.\rcu_alu2_next_pc_o [21] is used but has no driver.
Warning: Wire rcu.\rcu_alu2_next_pc_o [20] is used but has no driver.
Warning: Wire rcu.\rcu_alu2_next_pc_o [19] is used but has no driver.
Warning: Wire rcu.\rcu_alu2_next_pc_o [18] is used but has no driver.
Warning: Wire rcu.\rcu_alu2_next_pc_o [17] is used but has no driver.
Warning: Wire rcu.\rcu_alu2_next_pc_o [16] is used but has no driver.
Warning: Wire rcu.\rcu_alu2_next_pc_o [15] is used but has no driver.
Warning: Wire rcu.\rcu_alu2_next_pc_o [14] is used but has no driver.
Warning: Wire rcu.\rcu_alu2_next_pc_o [13] is used but has no driver.
Warning: Wire rcu.\rcu_alu2_next_pc_o [12] is used but has no driver.
Warning: Wire rcu.\rcu_alu2_next_pc_o [11] is used but has no driver.
Warning: Wire rcu.\rcu_alu2_next_pc_o [10] is used but has no driver.
Warning: Wire rcu.\rcu_alu2_next_pc_o [9] is used but has no driver.
Warning: Wire rcu.\rcu_alu2_next_pc_o [8] is used but has no driver.
Warning: Wire rcu.\rcu_alu2_next_pc_o [7] is used but has no driver.
Warning: Wire rcu.\rcu_alu2_next_pc_o [6] is used but has no driver.
Warning: Wire rcu.\rcu_alu2_next_pc_o [5] is used but has no driver.
Warning: Wire rcu.\rcu_alu2_next_pc_o [4] is used but has no driver.
Warning: Wire rcu.\rcu_alu2_next_pc_o [3] is used but has no driver.
Warning: Wire rcu.\rcu_alu2_next_pc_o [2] is used but has no driver.
Warning: Wire rcu.\rcu_alu2_next_pc_o [1] is used but has no driver.
Warning: Wire rcu.\rcu_alu2_next_pc_o [0] is used but has no driver.
Warning: Wire rcu.\rcu_alu2_jump_o is used but has no driver.
Warning: Wire rcu.\rcu_alu2_imm_data_o [31] is used but has no driver.
Warning: Wire rcu.\rcu_alu2_imm_data_o [30] is used but has no driver.
Warning: Wire rcu.\rcu_alu2_imm_data_o [29] is used but has no driver.
Warning: Wire rcu.\rcu_alu2_imm_data_o [28] is used but has no driver.
Warning: Wire rcu.\rcu_alu2_imm_data_o [27] is used but has no driver.
Warning: Wire rcu.\rcu_alu2_imm_data_o [26] is used but has no driver.
Warning: Wire rcu.\rcu_alu2_imm_data_o [25] is used but has no driver.
Warning: Wire rcu.\rcu_alu2_imm_data_o [24] is used but has no driver.
Warning: Wire rcu.\rcu_alu2_imm_data_o [23] is used but has no driver.
Warning: Wire rcu.\rcu_alu2_imm_data_o [22] is used but has no driver.
Warning: Wire rcu.\rcu_alu2_imm_data_o [21] is used but has no driver.
Warning: Wire rcu.\rcu_alu2_imm_data_o [20] is used but has no driver.
Warning: Wire rcu.\rcu_alu2_imm_data_o [19] is used but has no driver.
Warning: Wire rcu.\rcu_alu2_imm_data_o [18] is used but has no driver.
Warning: Wire rcu.\rcu_alu2_imm_data_o [17] is used but has no driver.
Warning: Wire rcu.\rcu_alu2_imm_data_o [16] is used but has no driver.
Warning: Wire rcu.\rcu_alu2_imm_data_o [15] is used but has no driver.
Warning: Wire rcu.\rcu_alu2_imm_data_o [14] is used but has no driver.
Warning: Wire rcu.\rcu_alu2_imm_data_o [13] is used but has no driver.
Warning: Wire rcu.\rcu_alu2_imm_data_o [12] is used but has no driver.
Warning: Wire rcu.\rcu_alu2_imm_data_o [11] is used but has no driver.
Warning: Wire rcu.\rcu_alu2_imm_data_o [10] is used but has no driver.
Warning: Wire rcu.\rcu_alu2_imm_data_o [9] is used but has no driver.
Warning: Wire rcu.\rcu_alu2_imm_data_o [8] is used but has no driver.
Warning: Wire rcu.\rcu_alu2_imm_data_o [7] is used but has no driver.
Warning: Wire rcu.\rcu_alu2_imm_data_o [6] is used but has no driver.
Warning: Wire rcu.\rcu_alu2_imm_data_o [5] is used but has no driver.
Warning: Wire rcu.\rcu_alu2_imm_data_o [4] is used but has no driver.
Warning: Wire rcu.\rcu_alu2_imm_data_o [3] is used but has no driver.
Warning: Wire rcu.\rcu_alu2_imm_data_o [2] is used but has no driver.
Warning: Wire rcu.\rcu_alu2_imm_data_o [1] is used but has no driver.
Warning: Wire rcu.\rcu_alu2_imm_data_o [0] is used but has no driver.
Warning: Wire rcu.\rcu_alu2_half_o is used but has no driver.
Warning: Wire rcu.\rcu_alu2_func_modifier_o is used but has no driver.
Warning: Wire rcu.\rcu_alu2_func3_o [2] is used but has no driver.
Warning: Wire rcu.\rcu_alu2_func3_o [1] is used but has no driver.
Warning: Wire rcu.\rcu_alu2_func3_o [0] is used but has no driver.
Warning: Wire rcu.\rcu_alu2_branch_o is used but has no driver.
Warning: Wire rcu.\rcu_alu1_select_b_o [1] is used but has no driver.
Warning: Wire rcu.\rcu_alu1_select_b_o [0] is used but has no driver.
Warning: Wire rcu.\rcu_alu1_select_a_o [1] is used but has no driver.
Warning: Wire rcu.\rcu_alu1_select_a_o [0] is used but has no driver.
Warning: Wire rcu.\rcu_alu1_rs2_data_o [63] is used but has no driver.
Warning: Wire rcu.\rcu_alu1_rs2_data_o [62] is used but has no driver.
Warning: Wire rcu.\rcu_alu1_rs2_data_o [61] is used but has no driver.
Warning: Wire rcu.\rcu_alu1_rs2_data_o [60] is used but has no driver.
Warning: Wire rcu.\rcu_alu1_rs2_data_o [59] is used but has no driver.
Warning: Wire rcu.\rcu_alu1_rs2_data_o [58] is used but has no driver.
Warning: Wire rcu.\rcu_alu1_rs2_data_o [57] is used but has no driver.
Warning: Wire rcu.\rcu_alu1_rs2_data_o [56] is used but has no driver.
Warning: Wire rcu.\rcu_alu1_rs2_data_o [55] is used but has no driver.
Warning: Wire rcu.\rcu_alu1_rs2_data_o [54] is used but has no driver.
Warning: Wire rcu.\rcu_alu1_rs2_data_o [53] is used but has no driver.
Warning: Wire rcu.\rcu_alu1_rs2_data_o [52] is used but has no driver.
Warning: Wire rcu.\rcu_alu1_rs2_data_o [51] is used but has no driver.
Warning: Wire rcu.\rcu_alu1_rs2_data_o [50] is used but has no driver.
Warning: Wire rcu.\rcu_alu1_rs2_data_o [49] is used but has no driver.
Warning: Wire rcu.\rcu_alu1_rs2_data_o [48] is used but has no driver.
Warning: Wire rcu.\rcu_alu1_rs2_data_o [47] is used but has no driver.
Warning: Wire rcu.\rcu_alu1_rs2_data_o [46] is used but has no driver.
Warning: Wire rcu.\rcu_alu1_rs2_data_o [45] is used but has no driver.
Warning: Wire rcu.\rcu_alu1_rs2_data_o [44] is used but has no driver.
Warning: Wire rcu.\rcu_alu1_rs2_data_o [43] is used but has no driver.
Warning: Wire rcu.\rcu_alu1_rs2_data_o [42] is used but has no driver.
Warning: Wire rcu.\rcu_alu1_rs2_data_o [41] is used but has no driver.
Warning: Wire rcu.\rcu_alu1_rs2_data_o [40] is used but has no driver.
Warning: Wire rcu.\rcu_alu1_rs2_data_o [39] is used but has no driver.
Warning: Wire rcu.\rcu_alu1_rs2_data_o [38] is used but has no driver.
Warning: Wire rcu.\rcu_alu1_rs2_data_o [37] is used but has no driver.
Warning: Wire rcu.\rcu_alu1_rs2_data_o [36] is used but has no driver.
Warning: Wire rcu.\rcu_alu1_rs2_data_o [35] is used but has no driver.
Warning: Wire rcu.\rcu_alu1_rs2_data_o [34] is used but has no driver.
Warning: Wire rcu.\rcu_alu1_rs2_data_o [33] is used but has no driver.
Warning: Wire rcu.\rcu_alu1_rs2_data_o [32] is used but has no driver.
Warning: Wire rcu.\rcu_alu1_rs2_data_o [31] is used but has no driver.
Warning: Wire rcu.\rcu_alu1_rs2_data_o [30] is used but has no driver.
Warning: Wire rcu.\rcu_alu1_rs2_data_o [29] is used but has no driver.
Warning: Wire rcu.\rcu_alu1_rs2_data_o [28] is used but has no driver.
Warning: Wire rcu.\rcu_alu1_rs2_data_o [27] is used but has no driver.
Warning: Wire rcu.\rcu_alu1_rs2_data_o [26] is used but has no driver.
Warning: Wire rcu.\rcu_alu1_rs2_data_o [25] is used but has no driver.
Warning: Wire rcu.\rcu_alu1_rs2_data_o [24] is used but has no driver.
Warning: Wire rcu.\rcu_alu1_rs2_data_o [23] is used but has no driver.
Warning: Wire rcu.\rcu_alu1_rs2_data_o [22] is used but has no driver.
Warning: Wire rcu.\rcu_alu1_rs2_data_o [21] is used but has no driver.
Warning: Wire rcu.\rcu_alu1_rs2_data_o [20] is used but has no driver.
Warning: Wire rcu.\rcu_alu1_rs2_data_o [19] is used but has no driver.
Warning: Wire rcu.\rcu_alu1_rs2_data_o [18] is used but has no driver.
Warning: Wire rcu.\rcu_alu1_rs2_data_o [17] is used but has no driver.
Warning: Wire rcu.\rcu_alu1_rs2_data_o [16] is used but has no driver.
Warning: Wire rcu.\rcu_alu1_rs2_data_o [15] is used but has no driver.
Warning: Wire rcu.\rcu_alu1_rs2_data_o [14] is used but has no driver.
Warning: Wire rcu.\rcu_alu1_rs2_data_o [13] is used but has no driver.
Warning: Wire rcu.\rcu_alu1_rs2_data_o [12] is used but has no driver.
Warning: Wire rcu.\rcu_alu1_rs2_data_o [11] is used but has no driver.
Warning: Wire rcu.\rcu_alu1_rs2_data_o [10] is used but has no driver.
Warning: Wire rcu.\rcu_alu1_rs2_data_o [9] is used but has no driver.
Warning: Wire rcu.\rcu_alu1_rs2_data_o [8] is used but has no driver.
Warning: Wire rcu.\rcu_alu1_rs2_data_o [7] is used but has no driver.
Warning: Wire rcu.\rcu_alu1_rs2_data_o [6] is used but has no driver.
Warning: Wire rcu.\rcu_alu1_rs2_data_o [5] is used but has no driver.
Warning: Wire rcu.\rcu_alu1_rs2_data_o [4] is used but has no driver.
Warning: Wire rcu.\rcu_alu1_rs2_data_o [3] is used but has no driver.
Warning: Wire rcu.\rcu_alu1_rs2_data_o [2] is used but has no driver.
Warning: Wire rcu.\rcu_alu1_rs2_data_o [1] is used but has no driver.
Warning: Wire rcu.\rcu_alu1_rs2_data_o [0] is used but has no driver.
Warning: Wire rcu.\rcu_alu1_rs1_data_o [63] is used but has no driver.
Warning: Wire rcu.\rcu_alu1_rs1_data_o [62] is used but has no driver.
Warning: Wire rcu.\rcu_alu1_rs1_data_o [61] is used but has no driver.
Warning: Wire rcu.\rcu_alu1_rs1_data_o [60] is used but has no driver.
Warning: Wire rcu.\rcu_alu1_rs1_data_o [59] is used but has no driver.
Warning: Wire rcu.\rcu_alu1_rs1_data_o [58] is used but has no driver.
Warning: Wire rcu.\rcu_alu1_rs1_data_o [57] is used but has no driver.
Warning: Wire rcu.\rcu_alu1_rs1_data_o [56] is used but has no driver.
Warning: Wire rcu.\rcu_alu1_rs1_data_o [55] is used but has no driver.
Warning: Wire rcu.\rcu_alu1_rs1_data_o [54] is used but has no driver.
Warning: Wire rcu.\rcu_alu1_rs1_data_o [53] is used but has no driver.
Warning: Wire rcu.\rcu_alu1_rs1_data_o [52] is used but has no driver.
Warning: Wire rcu.\rcu_alu1_rs1_data_o [51] is used but has no driver.
Warning: Wire rcu.\rcu_alu1_rs1_data_o [50] is used but has no driver.
Warning: Wire rcu.\rcu_alu1_rs1_data_o [49] is used but has no driver.
Warning: Wire rcu.\rcu_alu1_rs1_data_o [48] is used but has no driver.
Warning: Wire rcu.\rcu_alu1_rs1_data_o [47] is used but has no driver.
Warning: Wire rcu.\rcu_alu1_rs1_data_o [46] is used but has no driver.
Warning: Wire rcu.\rcu_alu1_rs1_data_o [45] is used but has no driver.
Warning: Wire rcu.\rcu_alu1_rs1_data_o [44] is used but has no driver.
Warning: Wire rcu.\rcu_alu1_rs1_data_o [43] is used but has no driver.
Warning: Wire rcu.\rcu_alu1_rs1_data_o [42] is used but has no driver.
Warning: Wire rcu.\rcu_alu1_rs1_data_o [41] is used but has no driver.
Warning: Wire rcu.\rcu_alu1_rs1_data_o [40] is used but has no driver.
Warning: Wire rcu.\rcu_alu1_rs1_data_o [39] is used but has no driver.
Warning: Wire rcu.\rcu_alu1_rs1_data_o [38] is used but has no driver.
Warning: Wire rcu.\rcu_alu1_rs1_data_o [37] is used but has no driver.
Warning: Wire rcu.\rcu_alu1_rs1_data_o [36] is used but has no driver.
Warning: Wire rcu.\rcu_alu1_rs1_data_o [35] is used but has no driver.
Warning: Wire rcu.\rcu_alu1_rs1_data_o [34] is used but has no driver.
Warning: Wire rcu.\rcu_alu1_rs1_data_o [33] is used but has no driver.
Warning: Wire rcu.\rcu_alu1_rs1_data_o [32] is used but has no driver.
Warning: Wire rcu.\rcu_alu1_rs1_data_o [31] is used but has no driver.
Warning: Wire rcu.\rcu_alu1_rs1_data_o [30] is used but has no driver.
Warning: Wire rcu.\rcu_alu1_rs1_data_o [29] is used but has no driver.
Warning: Wire rcu.\rcu_alu1_rs1_data_o [28] is used but has no driver.
Warning: Wire rcu.\rcu_alu1_rs1_data_o [27] is used but has no driver.
Warning: Wire rcu.\rcu_alu1_rs1_data_o [26] is used but has no driver.
Warning: Wire rcu.\rcu_alu1_rs1_data_o [25] is used but has no driver.
Warning: Wire rcu.\rcu_alu1_rs1_data_o [24] is used but has no driver.
Warning: Wire rcu.\rcu_alu1_rs1_data_o [23] is used but has no driver.
Warning: Wire rcu.\rcu_alu1_rs1_data_o [22] is used but has no driver.
Warning: Wire rcu.\rcu_alu1_rs1_data_o [21] is used but has no driver.
Warning: Wire rcu.\rcu_alu1_rs1_data_o [20] is used but has no driver.
Warning: Wire rcu.\rcu_alu1_rs1_data_o [19] is used but has no driver.
Warning: Wire rcu.\rcu_alu1_rs1_data_o [18] is used but has no driver.
Warning: Wire rcu.\rcu_alu1_rs1_data_o [17] is used but has no driver.
Warning: Wire rcu.\rcu_alu1_rs1_data_o [16] is used but has no driver.
Warning: Wire rcu.\rcu_alu1_rs1_data_o [15] is used but has no driver.
Warning: Wire rcu.\rcu_alu1_rs1_data_o [14] is used but has no driver.
Warning: Wire rcu.\rcu_alu1_rs1_data_o [13] is used but has no driver.
Warning: Wire rcu.\rcu_alu1_rs1_data_o [12] is used but has no driver.
Warning: Wire rcu.\rcu_alu1_rs1_data_o [11] is used but has no driver.
Warning: Wire rcu.\rcu_alu1_rs1_data_o [10] is used but has no driver.
Warning: Wire rcu.\rcu_alu1_rs1_data_o [9] is used but has no driver.
Warning: Wire rcu.\rcu_alu1_rs1_data_o [8] is used but has no driver.
Warning: Wire rcu.\rcu_alu1_rs1_data_o [7] is used but has no driver.
Warning: Wire rcu.\rcu_alu1_rs1_data_o [6] is used but has no driver.
Warning: Wire rcu.\rcu_alu1_rs1_data_o [5] is used but has no driver.
Warning: Wire rcu.\rcu_alu1_rs1_data_o [4] is used but has no driver.
Warning: Wire rcu.\rcu_alu1_rs1_data_o [3] is used but has no driver.
Warning: Wire rcu.\rcu_alu1_rs1_data_o [2] is used but has no driver.
Warning: Wire rcu.\rcu_alu1_rs1_data_o [1] is used but has no driver.
Warning: Wire rcu.\rcu_alu1_rs1_data_o [0] is used but has no driver.
Warning: Wire rcu.\rcu_alu1_rob_index_o [3] is used but has no driver.
Warning: Wire rcu.\rcu_alu1_rob_index_o [2] is used but has no driver.
Warning: Wire rcu.\rcu_alu1_rob_index_o [1] is used but has no driver.
Warning: Wire rcu.\rcu_alu1_rob_index_o [0] is used but has no driver.
Warning: Wire rcu.\rcu_alu1_req_valid_o is used but has no driver.
Warning: Wire rcu.\rcu_alu1_predict_pc_o [31] is used but has no driver.
Warning: Wire rcu.\rcu_alu1_predict_pc_o [30] is used but has no driver.
Warning: Wire rcu.\rcu_alu1_predict_pc_o [29] is used but has no driver.
Warning: Wire rcu.\rcu_alu1_predict_pc_o [28] is used but has no driver.
Warning: Wire rcu.\rcu_alu1_predict_pc_o [27] is used but has no driver.
Warning: Wire rcu.\rcu_alu1_predict_pc_o [26] is used but has no driver.
Warning: Wire rcu.\rcu_alu1_predict_pc_o [25] is used but has no driver.
Warning: Wire rcu.\rcu_alu1_predict_pc_o [24] is used but has no driver.
Warning: Wire rcu.\rcu_alu1_predict_pc_o [23] is used but has no driver.
Warning: Wire rcu.\rcu_alu1_predict_pc_o [22] is used but has no driver.
Warning: Wire rcu.\rcu_alu1_predict_pc_o [21] is used but has no driver.
Warning: Wire rcu.\rcu_alu1_predict_pc_o [20] is used but has no driver.
Warning: Wire rcu.\rcu_alu1_predict_pc_o [19] is used but has no driver.
Warning: Wire rcu.\rcu_alu1_predict_pc_o [18] is used but has no driver.
Warning: Wire rcu.\rcu_alu1_predict_pc_o [17] is used but has no driver.
Warning: Wire rcu.\rcu_alu1_predict_pc_o [16] is used but has no driver.
Warning: Wire rcu.\rcu_alu1_predict_pc_o [15] is used but has no driver.
Warning: Wire rcu.\rcu_alu1_predict_pc_o [14] is used but has no driver.
Warning: Wire rcu.\rcu_alu1_predict_pc_o [13] is used but has no driver.
Warning: Wire rcu.\rcu_alu1_predict_pc_o [12] is used but has no driver.
Warning: Wire rcu.\rcu_alu1_predict_pc_o [11] is used but has no driver.
Warning: Wire rcu.\rcu_alu1_predict_pc_o [10] is used but has no driver.
Warning: Wire rcu.\rcu_alu1_predict_pc_o [9] is used but has no driver.
Warning: Wire rcu.\rcu_alu1_predict_pc_o [8] is used but has no driver.
Warning: Wire rcu.\rcu_alu1_predict_pc_o [7] is used but has no driver.
Warning: Wire rcu.\rcu_alu1_predict_pc_o [6] is used but has no driver.
Warning: Wire rcu.\rcu_alu1_predict_pc_o [5] is used but has no driver.
Warning: Wire rcu.\rcu_alu1_predict_pc_o [4] is used but has no driver.
Warning: Wire rcu.\rcu_alu1_predict_pc_o [3] is used but has no driver.
Warning: Wire rcu.\rcu_alu1_predict_pc_o [2] is used but has no driver.
Warning: Wire rcu.\rcu_alu1_predict_pc_o [1] is used but has no driver.
Warning: Wire rcu.\rcu_alu1_predict_pc_o [0] is used but has no driver.
Warning: Wire rcu.\rcu_alu1_prd_address_o [5] is used but has no driver.
Warning: Wire rcu.\rcu_alu1_prd_address_o [4] is used but has no driver.
Warning: Wire rcu.\rcu_alu1_prd_address_o [3] is used but has no driver.
Warning: Wire rcu.\rcu_alu1_prd_address_o [2] is used but has no driver.
Warning: Wire rcu.\rcu_alu1_prd_address_o [1] is used but has no driver.
Warning: Wire rcu.\rcu_alu1_prd_address_o [0] is used but has no driver.
Warning: Wire rcu.\rcu_alu1_pc_o [31] is used but has no driver.
Warning: Wire rcu.\rcu_alu1_pc_o [30] is used but has no driver.
Warning: Wire rcu.\rcu_alu1_pc_o [29] is used but has no driver.
Warning: Wire rcu.\rcu_alu1_pc_o [28] is used but has no driver.
Warning: Wire rcu.\rcu_alu1_pc_o [27] is used but has no driver.
Warning: Wire rcu.\rcu_alu1_pc_o [26] is used but has no driver.
Warning: Wire rcu.\rcu_alu1_pc_o [25] is used but has no driver.
Warning: Wire rcu.\rcu_alu1_pc_o [24] is used but has no driver.
Warning: Wire rcu.\rcu_alu1_pc_o [23] is used but has no driver.
Warning: Wire rcu.\rcu_alu1_pc_o [22] is used but has no driver.
Warning: Wire rcu.\rcu_alu1_pc_o [21] is used but has no driver.
Warning: Wire rcu.\rcu_alu1_pc_o [20] is used but has no driver.
Warning: Wire rcu.\rcu_alu1_pc_o [19] is used but has no driver.
Warning: Wire rcu.\rcu_alu1_pc_o [18] is used but has no driver.
Warning: Wire rcu.\rcu_alu1_pc_o [17] is used but has no driver.
Warning: Wire rcu.\rcu_alu1_pc_o [16] is used but has no driver.
Warning: Wire rcu.\rcu_alu1_pc_o [15] is used but has no driver.
Warning: Wire rcu.\rcu_alu1_pc_o [14] is used but has no driver.
Warning: Wire rcu.\rcu_alu1_pc_o [13] is used but has no driver.
Warning: Wire rcu.\rcu_alu1_pc_o [12] is used but has no driver.
Warning: Wire rcu.\rcu_alu1_pc_o [11] is used but has no driver.
Warning: Wire rcu.\rcu_alu1_pc_o [10] is used but has no driver.
Warning: Wire rcu.\rcu_alu1_pc_o [9] is used but has no driver.
Warning: Wire rcu.\rcu_alu1_pc_o [8] is used but has no driver.
Warning: Wire rcu.\rcu_alu1_pc_o [7] is used but has no driver.
Warning: Wire rcu.\rcu_alu1_pc_o [6] is used but has no driver.
Warning: Wire rcu.\rcu_alu1_pc_o [5] is used but has no driver.
Warning: Wire rcu.\rcu_alu1_pc_o [4] is used but has no driver.
Warning: Wire rcu.\rcu_alu1_pc_o [3] is used but has no driver.
Warning: Wire rcu.\rcu_alu1_pc_o [2] is used but has no driver.
Warning: Wire rcu.\rcu_alu1_pc_o [1] is used but has no driver.
Warning: Wire rcu.\rcu_alu1_pc_o [0] is used but has no driver.
Warning: Wire rcu.\rcu_alu1_next_pc_o [31] is used but has no driver.
Warning: Wire rcu.\rcu_alu1_next_pc_o [30] is used but has no driver.
Warning: Wire rcu.\rcu_alu1_next_pc_o [29] is used but has no driver.
Warning: Wire rcu.\rcu_alu1_next_pc_o [28] is used but has no driver.
Warning: Wire rcu.\rcu_alu1_next_pc_o [27] is used but has no driver.
Warning: Wire rcu.\rcu_alu1_next_pc_o [26] is used but has no driver.
Warning: Wire rcu.\rcu_alu1_next_pc_o [25] is used but has no driver.
Warning: Wire rcu.\rcu_alu1_next_pc_o [24] is used but has no driver.
Warning: Wire rcu.\rcu_alu1_next_pc_o [23] is used but has no driver.
Warning: Wire rcu.\rcu_alu1_next_pc_o [22] is used but has no driver.
Warning: Wire rcu.\rcu_alu1_next_pc_o [21] is used but has no driver.
Warning: Wire rcu.\rcu_alu1_next_pc_o [20] is used but has no driver.
Warning: Wire rcu.\rcu_alu1_next_pc_o [19] is used but has no driver.
Warning: Wire rcu.\rcu_alu1_next_pc_o [18] is used but has no driver.
Warning: Wire rcu.\rcu_alu1_next_pc_o [17] is used but has no driver.
Warning: Wire rcu.\rcu_alu1_next_pc_o [16] is used but has no driver.
Warning: Wire rcu.\rcu_alu1_next_pc_o [15] is used but has no driver.
Warning: Wire rcu.\rcu_alu1_next_pc_o [14] is used but has no driver.
Warning: Wire rcu.\rcu_alu1_next_pc_o [13] is used but has no driver.
Warning: Wire rcu.\rcu_alu1_next_pc_o [12] is used but has no driver.
Warning: Wire rcu.\rcu_alu1_next_pc_o [11] is used but has no driver.
Warning: Wire rcu.\rcu_alu1_next_pc_o [10] is used but has no driver.
Warning: Wire rcu.\rcu_alu1_next_pc_o [9] is used but has no driver.
Warning: Wire rcu.\rcu_alu1_next_pc_o [8] is used but has no driver.
Warning: Wire rcu.\rcu_alu1_next_pc_o [7] is used but has no driver.
Warning: Wire rcu.\rcu_alu1_next_pc_o [6] is used but has no driver.
Warning: Wire rcu.\rcu_alu1_next_pc_o [5] is used but has no driver.
Warning: Wire rcu.\rcu_alu1_next_pc_o [4] is used but has no driver.
Warning: Wire rcu.\rcu_alu1_next_pc_o [3] is used but has no driver.
Warning: Wire rcu.\rcu_alu1_next_pc_o [2] is used but has no driver.
Warning: Wire rcu.\rcu_alu1_next_pc_o [1] is used but has no driver.
Warning: Wire rcu.\rcu_alu1_next_pc_o [0] is used but has no driver.
Warning: Wire rcu.\rcu_alu1_jump_o is used but has no driver.
Warning: Wire rcu.\rcu_alu1_imm_data_o [31] is used but has no driver.
Warning: Wire rcu.\rcu_alu1_imm_data_o [30] is used but has no driver.
Warning: Wire rcu.\rcu_alu1_imm_data_o [29] is used but has no driver.
Warning: Wire rcu.\rcu_alu1_imm_data_o [28] is used but has no driver.
Warning: Wire rcu.\rcu_alu1_imm_data_o [27] is used but has no driver.
Warning: Wire rcu.\rcu_alu1_imm_data_o [26] is used but has no driver.
Warning: Wire rcu.\rcu_alu1_imm_data_o [25] is used but has no driver.
Warning: Wire rcu.\rcu_alu1_imm_data_o [24] is used but has no driver.
Warning: Wire rcu.\rcu_alu1_imm_data_o [23] is used but has no driver.
Warning: Wire rcu.\rcu_alu1_imm_data_o [22] is used but has no driver.
Warning: Wire rcu.\rcu_alu1_imm_data_o [21] is used but has no driver.
Warning: Wire rcu.\rcu_alu1_imm_data_o [20] is used but has no driver.
Warning: Wire rcu.\rcu_alu1_imm_data_o [19] is used but has no driver.
Warning: Wire rcu.\rcu_alu1_imm_data_o [18] is used but has no driver.
Warning: Wire rcu.\rcu_alu1_imm_data_o [17] is used but has no driver.
Warning: Wire rcu.\rcu_alu1_imm_data_o [16] is used but has no driver.
Warning: Wire rcu.\rcu_alu1_imm_data_o [15] is used but has no driver.
Warning: Wire rcu.\rcu_alu1_imm_data_o [14] is used but has no driver.
Warning: Wire rcu.\rcu_alu1_imm_data_o [13] is used but has no driver.
Warning: Wire rcu.\rcu_alu1_imm_data_o [12] is used but has no driver.
Warning: Wire rcu.\rcu_alu1_imm_data_o [11] is used but has no driver.
Warning: Wire rcu.\rcu_alu1_imm_data_o [10] is used but has no driver.
Warning: Wire rcu.\rcu_alu1_imm_data_o [9] is used but has no driver.
Warning: Wire rcu.\rcu_alu1_imm_data_o [8] is used but has no driver.
Warning: Wire rcu.\rcu_alu1_imm_data_o [7] is used but has no driver.
Warning: Wire rcu.\rcu_alu1_imm_data_o [6] is used but has no driver.
Warning: Wire rcu.\rcu_alu1_imm_data_o [5] is used but has no driver.
Warning: Wire rcu.\rcu_alu1_imm_data_o [4] is used but has no driver.
Warning: Wire rcu.\rcu_alu1_imm_data_o [3] is used but has no driver.
Warning: Wire rcu.\rcu_alu1_imm_data_o [2] is used but has no driver.
Warning: Wire rcu.\rcu_alu1_imm_data_o [1] is used but has no driver.
Warning: Wire rcu.\rcu_alu1_imm_data_o [0] is used but has no driver.
Warning: Wire rcu.\rcu_alu1_half_o is used but has no driver.
Warning: Wire rcu.\rcu_alu1_func_modifier_o is used but has no driver.
Warning: Wire rcu.\rcu_alu1_func3_o [2] is used but has no driver.
Warning: Wire rcu.\rcu_alu1_func3_o [1] is used but has no driver.
Warning: Wire rcu.\rcu_alu1_func3_o [0] is used but has no driver.
Warning: Wire rcu.\rcu_alu1_branch_o is used but has no driver.
Warning: Wire rcu.\predict_miss_o is used but has no driver.
Warning: Wire rcu.\deco_rob_req_ready_second_o is used but has no driver.
Warning: Wire rcu.\deco_rob_req_ready_first_o is used but has no driver.
Found and reported 1125 problems.
