
===========================================================================
report_checks -path_delay max (Setup)
============================================================================
Startpoint: func_md_done_valid_i (input port clocked by clk)
Endpoint: rcu_csr_req_valid_o (output port clocked by clk)
Path Group: clk
Path Type: max

Fanout     Cap    Slew   Delay    Time   Description
-----------------------------------------------------------------------------
                  0.15    0.00    0.00   clock clk (rise edge)
                          0.00    0.00   clock network delay (ideal)
                          5.00    5.00 ^ input external delay
                  0.06    0.04    5.04 ^ func_md_done_valid_i (in)
     5    0.01                           func_md_done_valid_i (net)
                  0.06    0.00    5.04 ^ _076010_/C_N (sky130_fd_sc_hd__or4bb_2)
                  0.12    0.68    5.72 v _076010_/X (sky130_fd_sc_hd__or4bb_2)
     6    0.01                           _011216_ (net)
                  0.12    0.00    5.72 v _078766_/D (sky130_fd_sc_hd__or4_2)
                  0.13    0.63    6.35 v _078766_/X (sky130_fd_sc_hd__or4_2)
     4    0.01                           _013537_ (net)
                  0.13    0.00    6.35 v _078767_/C_N (sky130_fd_sc_hd__or3b_2)
                  0.03    0.23    6.58 ^ _078767_/X (sky130_fd_sc_hd__or3b_2)
     1    0.00                           _013538_ (net)
                  0.03    0.00    6.58 ^ _078768_/A (sky130_fd_sc_hd__buf_1)
                  0.41    0.34    6.93 ^ _078768_/X (sky130_fd_sc_hd__buf_1)
     8    0.03                           _013539_ (net)
                  0.41    0.00    6.93 ^ _079603_/A (sky130_fd_sc_hd__buf_1)
                  0.53    0.50    7.42 ^ _079603_/X (sky130_fd_sc_hd__buf_1)
    10    0.05                           _014341_ (net)
                  0.53    0.00    7.43 ^ _080174_/B (sky130_fd_sc_hd__nand2_2)
                  0.08    0.08    7.51 v _080174_/Y (sky130_fd_sc_hd__nand2_2)
     1    0.00                           _014912_ (net)
                  0.08    0.00    7.52 v _080175_/B1 (sky130_fd_sc_hd__o211a_2)
                  0.04    0.15    7.66 v _080175_/X (sky130_fd_sc_hd__o211a_2)
     1    0.00                           _014913_ (net)
                  0.04    0.00    7.67 v _080176_/B1 (sky130_fd_sc_hd__a211o_2)
                  0.05    0.31    7.98 v _080176_/X (sky130_fd_sc_hd__a211o_2)
     1    0.00                           _014914_ (net)
                  0.05    0.00    7.98 v _080177_/C1 (sky130_fd_sc_hd__o211a_2)
                  0.04    0.12    8.10 v _080177_/X (sky130_fd_sc_hd__o211a_2)
     1    0.00                           _014915_ (net)
                  0.04    0.00    8.10 v _080178_/A3 (sky130_fd_sc_hd__o31a_2)
                  0.05    0.28    8.38 v _080178_/X (sky130_fd_sc_hd__o31a_2)
     1    0.00                           _014916_ (net)
                  0.05    0.00    8.39 v _080251_/B (sky130_fd_sc_hd__or4_2)
                  0.13    0.72    9.10 v _080251_/X (sky130_fd_sc_hd__or4_2)
     5    0.01                           _014989_ (net)
                  0.13    0.00    9.11 v _081032_/A3 (sky130_fd_sc_hd__mux4_2)
                  0.10    0.54    9.65 v _081032_/X (sky130_fd_sc_hd__mux4_2)
     4    0.01                           _015770_ (net)
                  0.10    0.00    9.65 v _081033_/A3 (sky130_fd_sc_hd__mux4_2)
                  0.12    0.57   10.22 v _081033_/X (sky130_fd_sc_hd__mux4_2)
     7    0.02                           _015771_ (net)
                  0.12    0.00   10.22 v _081035_/C (sky130_fd_sc_hd__and4_2)
                  0.07    0.31   10.53 v _081035_/X (sky130_fd_sc_hd__and4_2)
     5    0.02                           _015773_ (net)
                  0.07    0.00   10.53 v _081045_/A (sky130_fd_sc_hd__and4_2)
                  0.06    0.23   10.76 v _081045_/X (sky130_fd_sc_hd__and4_2)
     4    0.01                           _015783_ (net)
                  0.06    0.00   10.76 v _081059_/A (sky130_fd_sc_hd__and4_2)
                  0.06    0.22   10.98 v _081059_/X (sky130_fd_sc_hd__and4_2)
     5    0.01                           _015797_ (net)
                  0.06    0.00   10.98 v _081075_/B (sky130_fd_sc_hd__and4b_2)
                  0.04    0.21   11.19 v _081075_/X (sky130_fd_sc_hd__and4b_2)
     1    0.00                           _015813_ (net)
                  0.04    0.00   11.20 v _081076_/A (sky130_fd_sc_hd__buf_1)
                  0.11    0.16   11.36 v _081076_/X (sky130_fd_sc_hd__buf_1)
     8    0.02                           _015814_ (net)
                  0.11    0.00   11.36 v _081088_/A (sky130_fd_sc_hd__and2_2)
                  0.05    0.22   11.58 v _081088_/X (sky130_fd_sc_hd__and2_2)
     4    0.01                           _015826_ (net)
                  0.05    0.00   11.58 v _081089_/A3 (sky130_fd_sc_hd__mux4_2)
                  0.10    0.51   12.10 v _081089_/X (sky130_fd_sc_hd__mux4_2)
     4    0.01                           _015827_ (net)
                  0.10    0.00   12.10 v _081128_/A2 (sky130_fd_sc_hd__mux4_2)
                  0.12    0.56   12.66 v _081128_/X (sky130_fd_sc_hd__mux4_2)
     4    0.01                           _015866_ (net)
                  0.12    0.00   12.66 v _081132_/A (sky130_fd_sc_hd__or4_2)
                  0.10    0.70   13.36 v _081132_/X (sky130_fd_sc_hd__or4_2)
     1    0.00                           _015870_ (net)
                  0.10    0.00   13.36 v _081133_/A (sky130_fd_sc_hd__buf_1)
                  0.12    0.19   13.56 v _081133_/X (sky130_fd_sc_hd__buf_1)
     8    0.02                           _015871_ (net)
                  0.12    0.00   13.56 v _081145_/B (sky130_fd_sc_hd__or4_2)
                  0.10    0.68   14.24 v _081145_/X (sky130_fd_sc_hd__or4_2)
     1    0.00                           _015883_ (net)
                  0.10    0.00   14.25 v _081146_/A (sky130_fd_sc_hd__buf_1)
                  0.16    0.22   14.47 v _081146_/X (sky130_fd_sc_hd__buf_1)
     7    0.03                           _015884_ (net)
                  0.16    0.00   14.47 v _083753_/A1 (sky130_fd_sc_hd__a21oi_2)
                  0.29    0.33   14.80 ^ _083753_/Y (sky130_fd_sc_hd__a21oi_2)
     7    0.02                           _018291_ (net)
                  0.29    0.01   14.81 ^ _083754_/B (sky130_fd_sc_hd__nor2_2)
                  0.11    0.15   14.96 v _083754_/Y (sky130_fd_sc_hd__nor2_2)
     9    0.03                           _018292_ (net)
                  0.11    0.00   14.96 v _083755_/B (sky130_fd_sc_hd__nand2_2)
                  0.11    0.14   15.10 ^ _083755_/Y (sky130_fd_sc_hd__nand2_2)
     6    0.02                           _018293_ (net)
                  0.11    0.00   15.10 ^ _083761_/B (sky130_fd_sc_hd__and2_2)
                  0.04    0.15   15.25 ^ _083761_/X (sky130_fd_sc_hd__and2_2)
     1    0.00                           _018298_ (net)
                  0.04    0.00   15.26 ^ _083762_/A (sky130_fd_sc_hd__buf_1)
                  0.23    0.22   15.47 ^ _083762_/X (sky130_fd_sc_hd__buf_1)
     8    0.02                           _018299_ (net)
                  0.23    0.00   15.48 ^ _083763_/A (sky130_fd_sc_hd__buf_1)
                  0.78    0.65   16.13 ^ _083763_/X (sky130_fd_sc_hd__buf_1)
    10    0.07                           rcu_csr_req_valid_o (net)
                  0.78    0.00   16.13 ^ rcu_csr_req_valid_o (out)
                                 16.13   data arrival time

                  0.15   25.00   25.00   clock clk (rise edge)
                          0.00   25.00   clock network delay (ideal)
                         -0.25   24.75   clock uncertainty
                          0.00   24.75   clock reconvergence pessimism
                         -5.00   19.75   output external delay
                                 19.75   data required time
-----------------------------------------------------------------------------
                                 19.75   data required time
                                -16.13   data arrival time
-----------------------------------------------------------------------------
                                  3.62   slack (MET)


Startpoint: func_md_done_valid_i (input port clocked by clk)
Endpoint: _151871_ (rising edge-triggered flip-flop clocked by clk)
Path Group: clk
Path Type: max

Fanout     Cap    Slew   Delay    Time   Description
-----------------------------------------------------------------------------
                  0.15    0.00    0.00   clock clk (rise edge)
                          0.00    0.00   clock network delay (ideal)
                          5.00    5.00 ^ input external delay
                  0.06    0.04    5.04 ^ func_md_done_valid_i (in)
     5    0.01                           func_md_done_valid_i (net)
                  0.06    0.00    5.04 ^ _076010_/C_N (sky130_fd_sc_hd__or4bb_2)
                  0.12    0.68    5.72 v _076010_/X (sky130_fd_sc_hd__or4bb_2)
     6    0.01                           _011216_ (net)
                  0.12    0.00    5.72 v _078766_/D (sky130_fd_sc_hd__or4_2)
                  0.13    0.63    6.35 v _078766_/X (sky130_fd_sc_hd__or4_2)
     4    0.01                           _013537_ (net)
                  0.13    0.00    6.35 v _078767_/C_N (sky130_fd_sc_hd__or3b_2)
                  0.03    0.23    6.58 ^ _078767_/X (sky130_fd_sc_hd__or3b_2)
     1    0.00                           _013538_ (net)
                  0.03    0.00    6.58 ^ _078768_/A (sky130_fd_sc_hd__buf_1)
                  0.41    0.34    6.93 ^ _078768_/X (sky130_fd_sc_hd__buf_1)
     8    0.03                           _013539_ (net)
                  0.41    0.00    6.93 ^ _079603_/A (sky130_fd_sc_hd__buf_1)
                  0.53    0.50    7.42 ^ _079603_/X (sky130_fd_sc_hd__buf_1)
    10    0.05                           _014341_ (net)
                  0.53    0.00    7.43 ^ _080174_/B (sky130_fd_sc_hd__nand2_2)
                  0.08    0.08    7.51 v _080174_/Y (sky130_fd_sc_hd__nand2_2)
     1    0.00                           _014912_ (net)
                  0.08    0.00    7.52 v _080175_/B1 (sky130_fd_sc_hd__o211a_2)
                  0.04    0.15    7.66 v _080175_/X (sky130_fd_sc_hd__o211a_2)
     1    0.00                           _014913_ (net)
                  0.04    0.00    7.67 v _080176_/B1 (sky130_fd_sc_hd__a211o_2)
                  0.05    0.31    7.98 v _080176_/X (sky130_fd_sc_hd__a211o_2)
     1    0.00                           _014914_ (net)
                  0.05    0.00    7.98 v _080177_/C1 (sky130_fd_sc_hd__o211a_2)
                  0.04    0.12    8.10 v _080177_/X (sky130_fd_sc_hd__o211a_2)
     1    0.00                           _014915_ (net)
                  0.04    0.00    8.10 v _080178_/A3 (sky130_fd_sc_hd__o31a_2)
                  0.05    0.28    8.38 v _080178_/X (sky130_fd_sc_hd__o31a_2)
     1    0.00                           _014916_ (net)
                  0.05    0.00    8.39 v _080251_/B (sky130_fd_sc_hd__or4_2)
                  0.13    0.72    9.10 v _080251_/X (sky130_fd_sc_hd__or4_2)
     5    0.01                           _014989_ (net)
                  0.13    0.00    9.11 v _081032_/A3 (sky130_fd_sc_hd__mux4_2)
                  0.10    0.54    9.65 v _081032_/X (sky130_fd_sc_hd__mux4_2)
     4    0.01                           _015770_ (net)
                  0.10    0.00    9.65 v _081033_/A3 (sky130_fd_sc_hd__mux4_2)
                  0.12    0.57   10.22 v _081033_/X (sky130_fd_sc_hd__mux4_2)
     7    0.02                           _015771_ (net)
                  0.12    0.00   10.22 v _081035_/C (sky130_fd_sc_hd__and4_2)
                  0.07    0.31   10.53 v _081035_/X (sky130_fd_sc_hd__and4_2)
     5    0.02                           _015773_ (net)
                  0.07    0.00   10.53 v _081045_/A (sky130_fd_sc_hd__and4_2)
                  0.06    0.23   10.76 v _081045_/X (sky130_fd_sc_hd__and4_2)
     4    0.01                           _015783_ (net)
                  0.06    0.00   10.76 v _081059_/A (sky130_fd_sc_hd__and4_2)
                  0.06    0.22   10.98 v _081059_/X (sky130_fd_sc_hd__and4_2)
     5    0.01                           _015797_ (net)
                  0.06    0.00   10.98 v _081075_/B (sky130_fd_sc_hd__and4b_2)
                  0.04    0.21   11.19 v _081075_/X (sky130_fd_sc_hd__and4b_2)
     1    0.00                           _015813_ (net)
                  0.04    0.00   11.20 v _081076_/A (sky130_fd_sc_hd__buf_1)
                  0.11    0.16   11.36 v _081076_/X (sky130_fd_sc_hd__buf_1)
     8    0.02                           _015814_ (net)
                  0.11    0.00   11.36 v _081088_/A (sky130_fd_sc_hd__and2_2)
                  0.05    0.22   11.58 v _081088_/X (sky130_fd_sc_hd__and2_2)
     4    0.01                           _015826_ (net)
                  0.05    0.00   11.58 v _081089_/A3 (sky130_fd_sc_hd__mux4_2)
                  0.10    0.51   12.10 v _081089_/X (sky130_fd_sc_hd__mux4_2)
     4    0.01                           _015827_ (net)
                  0.10    0.00   12.10 v _081128_/A2 (sky130_fd_sc_hd__mux4_2)
                  0.12    0.56   12.66 v _081128_/X (sky130_fd_sc_hd__mux4_2)
     4    0.01                           _015866_ (net)
                  0.12    0.00   12.66 v _081132_/A (sky130_fd_sc_hd__or4_2)
                  0.10    0.70   13.36 v _081132_/X (sky130_fd_sc_hd__or4_2)
     1    0.00                           _015870_ (net)
                  0.10    0.00   13.36 v _081133_/A (sky130_fd_sc_hd__buf_1)
                  0.12    0.19   13.56 v _081133_/X (sky130_fd_sc_hd__buf_1)
     8    0.02                           _015871_ (net)
                  0.12    0.00   13.56 v _081145_/B (sky130_fd_sc_hd__or4_2)
                  0.10    0.68   14.24 v _081145_/X (sky130_fd_sc_hd__or4_2)
     1    0.00                           _015883_ (net)
                  0.10    0.00   14.25 v _081146_/A (sky130_fd_sc_hd__buf_1)
                  0.16    0.22   14.47 v _081146_/X (sky130_fd_sc_hd__buf_1)
     7    0.03                           _015884_ (net)
                  0.16    0.00   14.47 v _083533_/A (sky130_fd_sc_hd__nor2_2)
                  0.13    0.19   14.66 ^ _083533_/Y (sky130_fd_sc_hd__nor2_2)
     3    0.01                           _018072_ (net)
                  0.13    0.00   14.67 ^ _083534_/B (sky130_fd_sc_hd__or2_2)
                  0.03    0.13   14.80 ^ _083534_/X (sky130_fd_sc_hd__or2_2)
     1    0.00                           _018073_ (net)
                  0.03    0.00   14.80 ^ _083535_/A (sky130_fd_sc_hd__buf_1)
                  0.39    0.33   15.13 ^ _083535_/X (sky130_fd_sc_hd__buf_1)
     9    0.03                           _018074_ (net)
                  0.39    0.00   15.14 ^ _084795_/B (sky130_fd_sc_hd__nand2_2)
                  0.11    0.16   15.29 v _084795_/Y (sky130_fd_sc_hd__nand2_2)
     6    0.02                           _019291_ (net)
                  0.11    0.00   15.30 v _085150_/A2 (sky130_fd_sc_hd__a21bo_2)
                  0.03    0.24   15.54 v _085150_/X (sky130_fd_sc_hd__a21bo_2)
     1    0.00                           _019646_ (net)
                  0.04    0.00   15.54 v _085151_/A2 (sky130_fd_sc_hd__a21o_2)
                  0.07    0.26   15.80 v _085151_/X (sky130_fd_sc_hd__a21o_2)
     9    0.02                           _019647_ (net)
                  0.07    0.00   15.81 v _085152_/B (sky130_fd_sc_hd__nand2_2)
                  0.13    0.14   15.95 ^ _085152_/Y (sky130_fd_sc_hd__nand2_2)
     8    0.02                           _019648_ (net)
                  0.13    0.00   15.95 ^ _085153_/A (sky130_fd_sc_hd__buf_1)
                  0.37    0.35   16.30 ^ _085153_/X (sky130_fd_sc_hd__buf_1)
    10    0.03                           _019649_ (net)
                  0.37    0.00   16.30 ^ _085302_/A (sky130_fd_sc_hd__buf_1)
                  0.38    0.39   16.69 ^ _085302_/X (sky130_fd_sc_hd__buf_1)
    10    0.03                           _019798_ (net)
                  0.38    0.00   16.69 ^ _085303_/A (sky130_fd_sc_hd__buf_1)
                  0.36    0.37   17.06 ^ _085303_/X (sky130_fd_sc_hd__buf_1)
    10    0.03                           _019799_ (net)
                  0.36    0.00   17.06 ^ _087207_/A (sky130_fd_sc_hd__buf_1)
                  0.41    0.41   17.47 ^ _087207_/X (sky130_fd_sc_hd__buf_1)
    10    0.04                           _021694_ (net)
                  0.41    0.00   17.47 ^ _090046_/S (sky130_fd_sc_hd__mux2_2)
                  0.05    0.40   17.87 v _090046_/X (sky130_fd_sc_hd__mux2_2)
     1    0.00                           _024511_ (net)
                  0.05    0.00   17.87 v _090048_/A0 (sky130_fd_sc_hd__mux2_2)
                  0.05    0.26   18.14 v _090048_/X (sky130_fd_sc_hd__mux2_2)
     1    0.00                           _024513_ (net)
                  0.05    0.00   18.14 v _090053_/A2 (sky130_fd_sc_hd__a211o_2)
                  0.05    0.34   18.48 v _090053_/X (sky130_fd_sc_hd__a211o_2)
     1    0.00                           _024518_ (net)
                  0.05    0.00   18.48 v _090070_/A3 (sky130_fd_sc_hd__a311o_2)
                  0.05    0.39   18.87 v _090070_/X (sky130_fd_sc_hd__a311o_2)
     1    0.00                           _024535_ (net)
                  0.05    0.00   18.88 v _090072_/A3 (sky130_fd_sc_hd__a31o_2)
                  0.04    0.25   19.12 v _090072_/X (sky130_fd_sc_hd__a31o_2)
     1    0.00                           _024537_ (net)
                  0.04    0.00   19.13 v _090073_/A1 (sky130_fd_sc_hd__mux2_2)
                  0.05    0.26   19.39 v _090073_/X (sky130_fd_sc_hd__mux2_2)
     1    0.00                           _024538_ (net)
                  0.05    0.00   19.39 v _090074_/A1 (sky130_fd_sc_hd__mux2_2)
                  0.05    0.26   19.65 v _090074_/X (sky130_fd_sc_hd__mux2_2)
     1    0.00                           _024539_ (net)
                  0.05    0.00   19.66 v _090075_/A1 (sky130_fd_sc_hd__mux2_2)
                  0.05    0.26   19.92 v _090075_/X (sky130_fd_sc_hd__mux2_2)
     1    0.00                           _024540_ (net)
                  0.05    0.00   19.93 v _090076_/A1 (sky130_fd_sc_hd__mux2_2)
                  0.09    0.34   20.26 v _090076_/X (sky130_fd_sc_hd__mux2_2)
     9    0.02                           _024541_ (net)
                  0.09    0.00   20.26 v _103717_/A (sky130_fd_sc_hd__and2_2)
                  0.04    0.19   20.45 v _103717_/X (sky130_fd_sc_hd__and2_2)
     1    0.00                           _038040_ (net)
                  0.04    0.00   20.46 v _103718_/C1 (sky130_fd_sc_hd__a221o_2)
                  0.05    0.30   20.75 v _103718_/X (sky130_fd_sc_hd__a221o_2)
     1    0.00                           _000465_ (net)
                  0.05    0.00   20.76 v _151871_/D (sky130_fd_sc_hd__dfxtp_2)
                                 20.76   data arrival time

                  0.15   25.00   25.00   clock clk (rise edge)
                          0.00   25.00   clock network delay (ideal)
                         -0.25   24.75   clock uncertainty
                          0.00   24.75   clock reconvergence pessimism
                                 24.75 ^ _151871_/CLK (sky130_fd_sc_hd__dfxtp_2)
                         -0.09   24.66   library setup time
                                 24.66   data required time
-----------------------------------------------------------------------------
                                 24.66   data required time
                                -20.76   data arrival time
-----------------------------------------------------------------------------
                                  3.90   slack (MET)


Startpoint: func_md_done_valid_i (input port clocked by clk)
Endpoint: _152626_ (rising edge-triggered flip-flop clocked by clk)
Path Group: clk
Path Type: max

Fanout     Cap    Slew   Delay    Time   Description
-----------------------------------------------------------------------------
                  0.15    0.00    0.00   clock clk (rise edge)
                          0.00    0.00   clock network delay (ideal)
                          5.00    5.00 ^ input external delay
                  0.06    0.04    5.04 ^ func_md_done_valid_i (in)
     5    0.01                           func_md_done_valid_i (net)
                  0.06    0.00    5.04 ^ _076010_/C_N (sky130_fd_sc_hd__or4bb_2)
                  0.12    0.68    5.72 v _076010_/X (sky130_fd_sc_hd__or4bb_2)
     6    0.01                           _011216_ (net)
                  0.12    0.00    5.72 v _078766_/D (sky130_fd_sc_hd__or4_2)
                  0.13    0.63    6.35 v _078766_/X (sky130_fd_sc_hd__or4_2)
     4    0.01                           _013537_ (net)
                  0.13    0.00    6.35 v _078767_/C_N (sky130_fd_sc_hd__or3b_2)
                  0.03    0.23    6.58 ^ _078767_/X (sky130_fd_sc_hd__or3b_2)
     1    0.00                           _013538_ (net)
                  0.03    0.00    6.58 ^ _078768_/A (sky130_fd_sc_hd__buf_1)
                  0.41    0.34    6.93 ^ _078768_/X (sky130_fd_sc_hd__buf_1)
     8    0.03                           _013539_ (net)
                  0.41    0.00    6.93 ^ _079603_/A (sky130_fd_sc_hd__buf_1)
                  0.53    0.50    7.42 ^ _079603_/X (sky130_fd_sc_hd__buf_1)
    10    0.05                           _014341_ (net)
                  0.53    0.00    7.43 ^ _080174_/B (sky130_fd_sc_hd__nand2_2)
                  0.08    0.08    7.51 v _080174_/Y (sky130_fd_sc_hd__nand2_2)
     1    0.00                           _014912_ (net)
                  0.08    0.00    7.52 v _080175_/B1 (sky130_fd_sc_hd__o211a_2)
                  0.04    0.15    7.66 v _080175_/X (sky130_fd_sc_hd__o211a_2)
     1    0.00                           _014913_ (net)
                  0.04    0.00    7.67 v _080176_/B1 (sky130_fd_sc_hd__a211o_2)
                  0.05    0.31    7.98 v _080176_/X (sky130_fd_sc_hd__a211o_2)
     1    0.00                           _014914_ (net)
                  0.05    0.00    7.98 v _080177_/C1 (sky130_fd_sc_hd__o211a_2)
                  0.04    0.12    8.10 v _080177_/X (sky130_fd_sc_hd__o211a_2)
     1    0.00                           _014915_ (net)
                  0.04    0.00    8.10 v _080178_/A3 (sky130_fd_sc_hd__o31a_2)
                  0.05    0.28    8.38 v _080178_/X (sky130_fd_sc_hd__o31a_2)
     1    0.00                           _014916_ (net)
                  0.05    0.00    8.39 v _080251_/B (sky130_fd_sc_hd__or4_2)
                  0.13    0.72    9.10 v _080251_/X (sky130_fd_sc_hd__or4_2)
     5    0.01                           _014989_ (net)
                  0.13    0.00    9.11 v _081032_/A3 (sky130_fd_sc_hd__mux4_2)
                  0.10    0.54    9.65 v _081032_/X (sky130_fd_sc_hd__mux4_2)
     4    0.01                           _015770_ (net)
                  0.10    0.00    9.65 v _081033_/A3 (sky130_fd_sc_hd__mux4_2)
                  0.12    0.57   10.22 v _081033_/X (sky130_fd_sc_hd__mux4_2)
     7    0.02                           _015771_ (net)
                  0.12    0.00   10.22 v _081035_/C (sky130_fd_sc_hd__and4_2)
                  0.07    0.31   10.53 v _081035_/X (sky130_fd_sc_hd__and4_2)
     5    0.02                           _015773_ (net)
                  0.07    0.00   10.53 v _081045_/A (sky130_fd_sc_hd__and4_2)
                  0.06    0.23   10.76 v _081045_/X (sky130_fd_sc_hd__and4_2)
     4    0.01                           _015783_ (net)
                  0.06    0.00   10.76 v _081059_/A (sky130_fd_sc_hd__and4_2)
                  0.06    0.22   10.98 v _081059_/X (sky130_fd_sc_hd__and4_2)
     5    0.01                           _015797_ (net)
                  0.06    0.00   10.98 v _081075_/B (sky130_fd_sc_hd__and4b_2)
                  0.04    0.21   11.19 v _081075_/X (sky130_fd_sc_hd__and4b_2)
     1    0.00                           _015813_ (net)
                  0.04    0.00   11.20 v _081076_/A (sky130_fd_sc_hd__buf_1)
                  0.11    0.16   11.36 v _081076_/X (sky130_fd_sc_hd__buf_1)
     8    0.02                           _015814_ (net)
                  0.11    0.00   11.36 v _081088_/A (sky130_fd_sc_hd__and2_2)
                  0.05    0.22   11.58 v _081088_/X (sky130_fd_sc_hd__and2_2)
     4    0.01                           _015826_ (net)
                  0.05    0.00   11.58 v _081089_/A3 (sky130_fd_sc_hd__mux4_2)
                  0.10    0.51   12.10 v _081089_/X (sky130_fd_sc_hd__mux4_2)
     4    0.01                           _015827_ (net)
                  0.10    0.00   12.10 v _081128_/A2 (sky130_fd_sc_hd__mux4_2)
                  0.12    0.56   12.66 v _081128_/X (sky130_fd_sc_hd__mux4_2)
     4    0.01                           _015866_ (net)
                  0.12    0.00   12.66 v _081132_/A (sky130_fd_sc_hd__or4_2)
                  0.10    0.70   13.36 v _081132_/X (sky130_fd_sc_hd__or4_2)
     1    0.00                           _015870_ (net)
                  0.10    0.00   13.36 v _081133_/A (sky130_fd_sc_hd__buf_1)
                  0.12    0.19   13.56 v _081133_/X (sky130_fd_sc_hd__buf_1)
     8    0.02                           _015871_ (net)
                  0.12    0.00   13.56 v _081145_/B (sky130_fd_sc_hd__or4_2)
                  0.10    0.68   14.24 v _081145_/X (sky130_fd_sc_hd__or4_2)
     1    0.00                           _015883_ (net)
                  0.10    0.00   14.25 v _081146_/A (sky130_fd_sc_hd__buf_1)
                  0.16    0.22   14.47 v _081146_/X (sky130_fd_sc_hd__buf_1)
     7    0.03                           _015884_ (net)
                  0.16    0.00   14.47 v _083753_/A1 (sky130_fd_sc_hd__a21oi_2)
                  0.29    0.33   14.80 ^ _083753_/Y (sky130_fd_sc_hd__a21oi_2)
     7    0.02                           _018291_ (net)
                  0.29    0.00   14.81 ^ _085141_/B (sky130_fd_sc_hd__or2_2)
                  0.04    0.18   14.99 ^ _085141_/X (sky130_fd_sc_hd__or2_2)
     2    0.01                           _019637_ (net)
                  0.04    0.00   14.99 ^ _085142_/A (sky130_fd_sc_hd__buf_1)
                  0.30    0.27   15.26 ^ _085142_/X (sky130_fd_sc_hd__buf_1)
    10    0.03                           _019638_ (net)
                  0.30    0.00   15.27 ^ _094424_/A1 (sky130_fd_sc_hd__a31o_2)
                  0.05    0.22   15.49 ^ _094424_/X (sky130_fd_sc_hd__a31o_2)
     1    0.00                           _028856_ (net)
                  0.05    0.01   15.50 ^ _094425_/B (sky130_fd_sc_hd__nand2_2)
                  0.08    0.06   15.56 v _094425_/Y (sky130_fd_sc_hd__nand2_2)
     3    0.01                           _028857_ (net)
                  0.08    0.01   15.57 v _094426_/B (sky130_fd_sc_hd__nand2_2)
                  0.12    0.15   15.71 ^ _094426_/Y (sky130_fd_sc_hd__nand2_2)
     9    0.02                           _028858_ (net)
                  0.12    0.00   15.71 ^ _094499_/A (sky130_fd_sc_hd__buf_1)
                  0.28    0.28   15.99 ^ _094499_/X (sky130_fd_sc_hd__buf_1)
    10    0.02                           _028931_ (net)
                  0.28    0.00   16.00 ^ _094609_/A (sky130_fd_sc_hd__buf_1)
                  0.37    0.37   16.37 ^ _094609_/X (sky130_fd_sc_hd__buf_1)
    10    0.03                           _029041_ (net)
                  0.37    0.00   16.37 ^ _095388_/A (sky130_fd_sc_hd__buf_1)
                  0.40    0.40   16.76 ^ _095388_/X (sky130_fd_sc_hd__buf_1)
    10    0.03                           _029817_ (net)
                  0.40    0.00   16.76 ^ _095389_/A (sky130_fd_sc_hd__buf_1)
                  0.40    0.40   17.16 ^ _095389_/X (sky130_fd_sc_hd__buf_1)
    10    0.03                           _029818_ (net)
                  0.40    0.00   17.16 ^ _095390_/A (sky130_fd_sc_hd__buf_1)
                  0.36    0.37   17.53 ^ _095390_/X (sky130_fd_sc_hd__buf_1)
    10    0.03                           _029819_ (net)
                  0.36    0.00   17.53 ^ _095391_/A (sky130_fd_sc_hd__buf_1)
                  0.31    0.33   17.87 ^ _095391_/X (sky130_fd_sc_hd__buf_1)
    10    0.03                           _029820_ (net)
                  0.31    0.00   17.87 ^ _098119_/S (sky130_fd_sc_hd__mux2_2)
                  0.05    0.39   18.26 v _098119_/X (sky130_fd_sc_hd__mux2_2)
     1    0.00                           _032528_ (net)
                  0.05    0.00   18.26 v _098122_/A2 (sky130_fd_sc_hd__o221a_2)
                  0.04    0.27   18.53 v _098122_/X (sky130_fd_sc_hd__o221a_2)
     1    0.00                           _032531_ (net)
                  0.04    0.00   18.54 v _098137_/A2 (sky130_fd_sc_hd__o311a_2)
                  0.05    0.38   18.92 v _098137_/X (sky130_fd_sc_hd__o311a_2)
     1    0.00                           _032546_ (net)
                  0.05    0.00   18.92 v _098171_/A2 (sky130_fd_sc_hd__o311a_2)
                  0.05    0.38   19.30 v _098171_/X (sky130_fd_sc_hd__o311a_2)
     1    0.00                           _032580_ (net)
                  0.05    0.00   19.31 v _098172_/A3 (sky130_fd_sc_hd__o32a_2)
                  0.06    0.34   19.65 v _098172_/X (sky130_fd_sc_hd__o32a_2)
     1    0.00                           _032581_ (net)
                  0.06    0.01   19.66 v _098173_/B2 (sky130_fd_sc_hd__a221oi_2)
                  0.17    0.23   19.88 ^ _098173_/Y (sky130_fd_sc_hd__a221oi_2)
     1    0.00                           _032582_ (net)
                  0.17    0.00   19.89 ^ _098175_/A1_N (sky130_fd_sc_hd__a2bb2o_2)
                  0.09    0.37   20.26 v _098175_/X (sky130_fd_sc_hd__a2bb2o_2)
    10    0.02                           _032584_ (net)
                  0.09    0.00   20.26 v _108360_/A1 (sky130_fd_sc_hd__a32o_2)
                  0.04    0.26   20.53 v _108360_/X (sky130_fd_sc_hd__a32o_2)
     1    0.00                           _041928_ (net)
                  0.04    0.00   20.53 v _108361_/B1 (sky130_fd_sc_hd__a21o_2)
                  0.03    0.18   20.71 v _108361_/X (sky130_fd_sc_hd__a21o_2)
     1    0.00                           _001220_ (net)
                  0.03    0.00   20.72 v _152626_/D (sky130_fd_sc_hd__dfxtp_2)
                                 20.72   data arrival time

                  0.15   25.00   25.00   clock clk (rise edge)
                          0.00   25.00   clock network delay (ideal)
                         -0.25   24.75   clock uncertainty
                          0.00   24.75   clock reconvergence pessimism
                                 24.75 ^ _152626_/CLK (sky130_fd_sc_hd__dfxtp_2)
                         -0.08   24.67   library setup time
                                 24.67   data required time
-----------------------------------------------------------------------------
                                 24.67   data required time
                                -20.72   data arrival time
-----------------------------------------------------------------------------
                                  3.95   slack (MET)


Startpoint: func_md_done_valid_i (input port clocked by clk)
Endpoint: _152570_ (rising edge-triggered flip-flop clocked by clk)
Path Group: clk
Path Type: max

Fanout     Cap    Slew   Delay    Time   Description
-----------------------------------------------------------------------------
                  0.15    0.00    0.00   clock clk (rise edge)
                          0.00    0.00   clock network delay (ideal)
                          5.00    5.00 ^ input external delay
                  0.06    0.04    5.04 ^ func_md_done_valid_i (in)
     5    0.01                           func_md_done_valid_i (net)
                  0.06    0.00    5.04 ^ _076010_/C_N (sky130_fd_sc_hd__or4bb_2)
                  0.12    0.68    5.72 v _076010_/X (sky130_fd_sc_hd__or4bb_2)
     6    0.01                           _011216_ (net)
                  0.12    0.00    5.72 v _078766_/D (sky130_fd_sc_hd__or4_2)
                  0.13    0.63    6.35 v _078766_/X (sky130_fd_sc_hd__or4_2)
     4    0.01                           _013537_ (net)
                  0.13    0.00    6.35 v _078767_/C_N (sky130_fd_sc_hd__or3b_2)
                  0.03    0.23    6.58 ^ _078767_/X (sky130_fd_sc_hd__or3b_2)
     1    0.00                           _013538_ (net)
                  0.03    0.00    6.58 ^ _078768_/A (sky130_fd_sc_hd__buf_1)
                  0.41    0.34    6.93 ^ _078768_/X (sky130_fd_sc_hd__buf_1)
     8    0.03                           _013539_ (net)
                  0.41    0.00    6.93 ^ _079603_/A (sky130_fd_sc_hd__buf_1)
                  0.53    0.50    7.42 ^ _079603_/X (sky130_fd_sc_hd__buf_1)
    10    0.05                           _014341_ (net)
                  0.53    0.00    7.43 ^ _080174_/B (sky130_fd_sc_hd__nand2_2)
                  0.08    0.08    7.51 v _080174_/Y (sky130_fd_sc_hd__nand2_2)
     1    0.00                           _014912_ (net)
                  0.08    0.00    7.52 v _080175_/B1 (sky130_fd_sc_hd__o211a_2)
                  0.04    0.15    7.66 v _080175_/X (sky130_fd_sc_hd__o211a_2)
     1    0.00                           _014913_ (net)
                  0.04    0.00    7.67 v _080176_/B1 (sky130_fd_sc_hd__a211o_2)
                  0.05    0.31    7.98 v _080176_/X (sky130_fd_sc_hd__a211o_2)
     1    0.00                           _014914_ (net)
                  0.05    0.00    7.98 v _080177_/C1 (sky130_fd_sc_hd__o211a_2)
                  0.04    0.12    8.10 v _080177_/X (sky130_fd_sc_hd__o211a_2)
     1    0.00                           _014915_ (net)
                  0.04    0.00    8.10 v _080178_/A3 (sky130_fd_sc_hd__o31a_2)
                  0.05    0.28    8.38 v _080178_/X (sky130_fd_sc_hd__o31a_2)
     1    0.00                           _014916_ (net)
                  0.05    0.00    8.39 v _080251_/B (sky130_fd_sc_hd__or4_2)
                  0.13    0.72    9.10 v _080251_/X (sky130_fd_sc_hd__or4_2)
     5    0.01                           _014989_ (net)
                  0.13    0.00    9.11 v _081032_/A3 (sky130_fd_sc_hd__mux4_2)
                  0.10    0.54    9.65 v _081032_/X (sky130_fd_sc_hd__mux4_2)
     4    0.01                           _015770_ (net)
                  0.10    0.00    9.65 v _081033_/A3 (sky130_fd_sc_hd__mux4_2)
                  0.12    0.57   10.22 v _081033_/X (sky130_fd_sc_hd__mux4_2)
     7    0.02                           _015771_ (net)
                  0.12    0.00   10.22 v _081035_/C (sky130_fd_sc_hd__and4_2)
                  0.07    0.31   10.53 v _081035_/X (sky130_fd_sc_hd__and4_2)
     5    0.02                           _015773_ (net)
                  0.07    0.00   10.53 v _081045_/A (sky130_fd_sc_hd__and4_2)
                  0.06    0.23   10.76 v _081045_/X (sky130_fd_sc_hd__and4_2)
     4    0.01                           _015783_ (net)
                  0.06    0.00   10.76 v _081059_/A (sky130_fd_sc_hd__and4_2)
                  0.06    0.22   10.98 v _081059_/X (sky130_fd_sc_hd__and4_2)
     5    0.01                           _015797_ (net)
                  0.06    0.00   10.98 v _081075_/B (sky130_fd_sc_hd__and4b_2)
                  0.04    0.21   11.19 v _081075_/X (sky130_fd_sc_hd__and4b_2)
     1    0.00                           _015813_ (net)
                  0.04    0.00   11.20 v _081076_/A (sky130_fd_sc_hd__buf_1)
                  0.11    0.16   11.36 v _081076_/X (sky130_fd_sc_hd__buf_1)
     8    0.02                           _015814_ (net)
                  0.11    0.00   11.36 v _081088_/A (sky130_fd_sc_hd__and2_2)
                  0.05    0.22   11.58 v _081088_/X (sky130_fd_sc_hd__and2_2)
     4    0.01                           _015826_ (net)
                  0.05    0.00   11.58 v _081089_/A3 (sky130_fd_sc_hd__mux4_2)
                  0.10    0.51   12.10 v _081089_/X (sky130_fd_sc_hd__mux4_2)
     4    0.01                           _015827_ (net)
                  0.10    0.00   12.10 v _081128_/A2 (sky130_fd_sc_hd__mux4_2)
                  0.12    0.56   12.66 v _081128_/X (sky130_fd_sc_hd__mux4_2)
     4    0.01                           _015866_ (net)
                  0.12    0.00   12.66 v _081132_/A (sky130_fd_sc_hd__or4_2)
                  0.10    0.70   13.36 v _081132_/X (sky130_fd_sc_hd__or4_2)
     1    0.00                           _015870_ (net)
                  0.10    0.00   13.36 v _081133_/A (sky130_fd_sc_hd__buf_1)
                  0.12    0.19   13.56 v _081133_/X (sky130_fd_sc_hd__buf_1)
     8    0.02                           _015871_ (net)
                  0.12    0.00   13.56 v _081145_/B (sky130_fd_sc_hd__or4_2)
                  0.10    0.68   14.24 v _081145_/X (sky130_fd_sc_hd__or4_2)
     1    0.00                           _015883_ (net)
                  0.10    0.00   14.25 v _081146_/A (sky130_fd_sc_hd__buf_1)
                  0.16    0.22   14.47 v _081146_/X (sky130_fd_sc_hd__buf_1)
     7    0.03                           _015884_ (net)
                  0.16    0.00   14.47 v _083533_/A (sky130_fd_sc_hd__nor2_2)
                  0.13    0.19   14.66 ^ _083533_/Y (sky130_fd_sc_hd__nor2_2)
     3    0.01                           _018072_ (net)
                  0.13    0.00   14.67 ^ _083534_/B (sky130_fd_sc_hd__or2_2)
                  0.03    0.13   14.80 ^ _083534_/X (sky130_fd_sc_hd__or2_2)
     1    0.00                           _018073_ (net)
                  0.03    0.00   14.80 ^ _083535_/A (sky130_fd_sc_hd__buf_1)
                  0.39    0.33   15.13 ^ _083535_/X (sky130_fd_sc_hd__buf_1)
     9    0.03                           _018074_ (net)
                  0.39    0.00   15.14 ^ _084795_/B (sky130_fd_sc_hd__nand2_2)
                  0.11    0.16   15.29 v _084795_/Y (sky130_fd_sc_hd__nand2_2)
     6    0.02                           _019291_ (net)
                  0.11    0.00   15.30 v _085150_/A2 (sky130_fd_sc_hd__a21bo_2)
                  0.03    0.24   15.54 v _085150_/X (sky130_fd_sc_hd__a21bo_2)
     1    0.00                           _019646_ (net)
                  0.04    0.00   15.54 v _085151_/A2 (sky130_fd_sc_hd__a21o_2)
                  0.07    0.26   15.80 v _085151_/X (sky130_fd_sc_hd__a21o_2)
     9    0.02                           _019647_ (net)
                  0.07    0.00   15.81 v _085152_/B (sky130_fd_sc_hd__nand2_2)
                  0.13    0.14   15.95 ^ _085152_/Y (sky130_fd_sc_hd__nand2_2)
     8    0.02                           _019648_ (net)
                  0.13    0.00   15.95 ^ _085153_/A (sky130_fd_sc_hd__buf_1)
                  0.37    0.35   16.30 ^ _085153_/X (sky130_fd_sc_hd__buf_1)
    10    0.03                           _019649_ (net)
                  0.37    0.00   16.30 ^ _085302_/A (sky130_fd_sc_hd__buf_1)
                  0.38    0.39   16.69 ^ _085302_/X (sky130_fd_sc_hd__buf_1)
    10    0.03                           _019798_ (net)
                  0.38    0.00   16.69 ^ _085303_/A (sky130_fd_sc_hd__buf_1)
                  0.36    0.37   17.06 ^ _085303_/X (sky130_fd_sc_hd__buf_1)
    10    0.03                           _019799_ (net)
                  0.36    0.00   17.06 ^ _087207_/A (sky130_fd_sc_hd__buf_1)
                  0.41    0.41   17.47 ^ _087207_/X (sky130_fd_sc_hd__buf_1)
    10    0.04                           _021694_ (net)
                  0.41    0.00   17.47 ^ _090046_/S (sky130_fd_sc_hd__mux2_2)
                  0.05    0.40   17.87 v _090046_/X (sky130_fd_sc_hd__mux2_2)
     1    0.00                           _024511_ (net)
                  0.05    0.00   17.87 v _090048_/A0 (sky130_fd_sc_hd__mux2_2)
                  0.05    0.26   18.14 v _090048_/X (sky130_fd_sc_hd__mux2_2)
     1    0.00                           _024513_ (net)
                  0.05    0.00   18.14 v _090053_/A2 (sky130_fd_sc_hd__a211o_2)
                  0.05    0.34   18.48 v _090053_/X (sky130_fd_sc_hd__a211o_2)
     1    0.00                           _024518_ (net)
                  0.05    0.00   18.48 v _090070_/A3 (sky130_fd_sc_hd__a311o_2)
                  0.05    0.39   18.87 v _090070_/X (sky130_fd_sc_hd__a311o_2)
     1    0.00                           _024535_ (net)
                  0.05    0.00   18.88 v _090072_/A3 (sky130_fd_sc_hd__a31o_2)
                  0.04    0.25   19.12 v _090072_/X (sky130_fd_sc_hd__a31o_2)
     1    0.00                           _024537_ (net)
                  0.04    0.00   19.13 v _090073_/A1 (sky130_fd_sc_hd__mux2_2)
                  0.05    0.26   19.39 v _090073_/X (sky130_fd_sc_hd__mux2_2)
     1    0.00                           _024538_ (net)
                  0.05    0.00   19.39 v _090074_/A1 (sky130_fd_sc_hd__mux2_2)
                  0.05    0.26   19.65 v _090074_/X (sky130_fd_sc_hd__mux2_2)
     1    0.00                           _024539_ (net)
                  0.05    0.00   19.66 v _090075_/A1 (sky130_fd_sc_hd__mux2_2)
                  0.05    0.26   19.92 v _090075_/X (sky130_fd_sc_hd__mux2_2)
     1    0.00                           _024540_ (net)
                  0.05    0.00   19.93 v _090076_/A1 (sky130_fd_sc_hd__mux2_2)
                  0.09    0.34   20.26 v _090076_/X (sky130_fd_sc_hd__mux2_2)
     9    0.02                           _024541_ (net)
                  0.09    0.00   20.26 v _108230_/A1 (sky130_fd_sc_hd__a32o_2)
                  0.04    0.26   20.53 v _108230_/X (sky130_fd_sc_hd__a32o_2)
     1    0.00                           _041854_ (net)
                  0.04    0.00   20.53 v _108231_/B1 (sky130_fd_sc_hd__a21o_2)
                  0.03    0.18   20.71 v _108231_/X (sky130_fd_sc_hd__a21o_2)
     1    0.00                           _001164_ (net)
                  0.03    0.00   20.72 v _152570_/D (sky130_fd_sc_hd__dfxtp_2)
                                 20.72   data arrival time

                  0.15   25.00   25.00   clock clk (rise edge)
                          0.00   25.00   clock network delay (ideal)
                         -0.25   24.75   clock uncertainty
                          0.00   24.75   clock reconvergence pessimism
                                 24.75 ^ _152570_/CLK (sky130_fd_sc_hd__dfxtp_2)
                         -0.08   24.67   library setup time
                                 24.67   data required time
-----------------------------------------------------------------------------
                                 24.67   data required time
                                -20.72   data arrival time
-----------------------------------------------------------------------------
                                  3.95   slack (MET)


Startpoint: func_md_done_valid_i (input port clocked by clk)
Endpoint: _151927_ (rising edge-triggered flip-flop clocked by clk)
Path Group: clk
Path Type: max

Fanout     Cap    Slew   Delay    Time   Description
-----------------------------------------------------------------------------
                  0.15    0.00    0.00   clock clk (rise edge)
                          0.00    0.00   clock network delay (ideal)
                          5.00    5.00 ^ input external delay
                  0.06    0.04    5.04 ^ func_md_done_valid_i (in)
     5    0.01                           func_md_done_valid_i (net)
                  0.06    0.00    5.04 ^ _076010_/C_N (sky130_fd_sc_hd__or4bb_2)
                  0.12    0.68    5.72 v _076010_/X (sky130_fd_sc_hd__or4bb_2)
     6    0.01                           _011216_ (net)
                  0.12    0.00    5.72 v _078766_/D (sky130_fd_sc_hd__or4_2)
                  0.13    0.63    6.35 v _078766_/X (sky130_fd_sc_hd__or4_2)
     4    0.01                           _013537_ (net)
                  0.13    0.00    6.35 v _078767_/C_N (sky130_fd_sc_hd__or3b_2)
                  0.03    0.23    6.58 ^ _078767_/X (sky130_fd_sc_hd__or3b_2)
     1    0.00                           _013538_ (net)
                  0.03    0.00    6.58 ^ _078768_/A (sky130_fd_sc_hd__buf_1)
                  0.41    0.34    6.93 ^ _078768_/X (sky130_fd_sc_hd__buf_1)
     8    0.03                           _013539_ (net)
                  0.41    0.00    6.93 ^ _079603_/A (sky130_fd_sc_hd__buf_1)
                  0.53    0.50    7.42 ^ _079603_/X (sky130_fd_sc_hd__buf_1)
    10    0.05                           _014341_ (net)
                  0.53    0.00    7.43 ^ _080174_/B (sky130_fd_sc_hd__nand2_2)
                  0.08    0.08    7.51 v _080174_/Y (sky130_fd_sc_hd__nand2_2)
     1    0.00                           _014912_ (net)
                  0.08    0.00    7.52 v _080175_/B1 (sky130_fd_sc_hd__o211a_2)
                  0.04    0.15    7.66 v _080175_/X (sky130_fd_sc_hd__o211a_2)
     1    0.00                           _014913_ (net)
                  0.04    0.00    7.67 v _080176_/B1 (sky130_fd_sc_hd__a211o_2)
                  0.05    0.31    7.98 v _080176_/X (sky130_fd_sc_hd__a211o_2)
     1    0.00                           _014914_ (net)
                  0.05    0.00    7.98 v _080177_/C1 (sky130_fd_sc_hd__o211a_2)
                  0.04    0.12    8.10 v _080177_/X (sky130_fd_sc_hd__o211a_2)
     1    0.00                           _014915_ (net)
                  0.04    0.00    8.10 v _080178_/A3 (sky130_fd_sc_hd__o31a_2)
                  0.05    0.28    8.38 v _080178_/X (sky130_fd_sc_hd__o31a_2)
     1    0.00                           _014916_ (net)
                  0.05    0.00    8.39 v _080251_/B (sky130_fd_sc_hd__or4_2)
                  0.13    0.72    9.10 v _080251_/X (sky130_fd_sc_hd__or4_2)
     5    0.01                           _014989_ (net)
                  0.13    0.00    9.11 v _081032_/A3 (sky130_fd_sc_hd__mux4_2)
                  0.10    0.54    9.65 v _081032_/X (sky130_fd_sc_hd__mux4_2)
     4    0.01                           _015770_ (net)
                  0.10    0.00    9.65 v _081033_/A3 (sky130_fd_sc_hd__mux4_2)
                  0.12    0.57   10.22 v _081033_/X (sky130_fd_sc_hd__mux4_2)
     7    0.02                           _015771_ (net)
                  0.12    0.00   10.22 v _081035_/C (sky130_fd_sc_hd__and4_2)
                  0.07    0.31   10.53 v _081035_/X (sky130_fd_sc_hd__and4_2)
     5    0.02                           _015773_ (net)
                  0.07    0.00   10.53 v _081045_/A (sky130_fd_sc_hd__and4_2)
                  0.06    0.23   10.76 v _081045_/X (sky130_fd_sc_hd__and4_2)
     4    0.01                           _015783_ (net)
                  0.06    0.00   10.76 v _081059_/A (sky130_fd_sc_hd__and4_2)
                  0.06    0.22   10.98 v _081059_/X (sky130_fd_sc_hd__and4_2)
     5    0.01                           _015797_ (net)
                  0.06    0.00   10.98 v _081075_/B (sky130_fd_sc_hd__and4b_2)
                  0.04    0.21   11.19 v _081075_/X (sky130_fd_sc_hd__and4b_2)
     1    0.00                           _015813_ (net)
                  0.04    0.00   11.20 v _081076_/A (sky130_fd_sc_hd__buf_1)
                  0.11    0.16   11.36 v _081076_/X (sky130_fd_sc_hd__buf_1)
     8    0.02                           _015814_ (net)
                  0.11    0.00   11.36 v _081088_/A (sky130_fd_sc_hd__and2_2)
                  0.05    0.22   11.58 v _081088_/X (sky130_fd_sc_hd__and2_2)
     4    0.01                           _015826_ (net)
                  0.05    0.00   11.58 v _081089_/A3 (sky130_fd_sc_hd__mux4_2)
                  0.10    0.51   12.10 v _081089_/X (sky130_fd_sc_hd__mux4_2)
     4    0.01                           _015827_ (net)
                  0.10    0.00   12.10 v _081128_/A2 (sky130_fd_sc_hd__mux4_2)
                  0.12    0.56   12.66 v _081128_/X (sky130_fd_sc_hd__mux4_2)
     4    0.01                           _015866_ (net)
                  0.12    0.00   12.66 v _081132_/A (sky130_fd_sc_hd__or4_2)
                  0.10    0.70   13.36 v _081132_/X (sky130_fd_sc_hd__or4_2)
     1    0.00                           _015870_ (net)
                  0.10    0.00   13.36 v _081133_/A (sky130_fd_sc_hd__buf_1)
                  0.12    0.19   13.56 v _081133_/X (sky130_fd_sc_hd__buf_1)
     8    0.02                           _015871_ (net)
                  0.12    0.00   13.56 v _081145_/B (sky130_fd_sc_hd__or4_2)
                  0.10    0.68   14.24 v _081145_/X (sky130_fd_sc_hd__or4_2)
     1    0.00                           _015883_ (net)
                  0.10    0.00   14.25 v _081146_/A (sky130_fd_sc_hd__buf_1)
                  0.16    0.22   14.47 v _081146_/X (sky130_fd_sc_hd__buf_1)
     7    0.03                           _015884_ (net)
                  0.16    0.00   14.47 v _083753_/A1 (sky130_fd_sc_hd__a21oi_2)
                  0.29    0.33   14.80 ^ _083753_/Y (sky130_fd_sc_hd__a21oi_2)
     7    0.02                           _018291_ (net)
                  0.29    0.00   14.81 ^ _085141_/B (sky130_fd_sc_hd__or2_2)
                  0.04    0.18   14.99 ^ _085141_/X (sky130_fd_sc_hd__or2_2)
     2    0.01                           _019637_ (net)
                  0.04    0.00   14.99 ^ _085142_/A (sky130_fd_sc_hd__buf_1)
                  0.30    0.27   15.26 ^ _085142_/X (sky130_fd_sc_hd__buf_1)
    10    0.03                           _019638_ (net)
                  0.30    0.00   15.27 ^ _094424_/A1 (sky130_fd_sc_hd__a31o_2)
                  0.05    0.22   15.49 ^ _094424_/X (sky130_fd_sc_hd__a31o_2)
     1    0.00                           _028856_ (net)
                  0.05    0.01   15.50 ^ _094425_/B (sky130_fd_sc_hd__nand2_2)
                  0.08    0.06   15.56 v _094425_/Y (sky130_fd_sc_hd__nand2_2)
     3    0.01                           _028857_ (net)
                  0.08    0.01   15.57 v _094426_/B (sky130_fd_sc_hd__nand2_2)
                  0.12    0.15   15.71 ^ _094426_/Y (sky130_fd_sc_hd__nand2_2)
     9    0.02                           _028858_ (net)
                  0.12    0.00   15.71 ^ _094499_/A (sky130_fd_sc_hd__buf_1)
                  0.28    0.28   15.99 ^ _094499_/X (sky130_fd_sc_hd__buf_1)
    10    0.02                           _028931_ (net)
                  0.28    0.00   16.00 ^ _094609_/A (sky130_fd_sc_hd__buf_1)
                  0.37    0.37   16.37 ^ _094609_/X (sky130_fd_sc_hd__buf_1)
    10    0.03                           _029041_ (net)
                  0.37    0.00   16.37 ^ _095388_/A (sky130_fd_sc_hd__buf_1)
                  0.40    0.40   16.76 ^ _095388_/X (sky130_fd_sc_hd__buf_1)
    10    0.03                           _029817_ (net)
                  0.40    0.00   16.76 ^ _095389_/A (sky130_fd_sc_hd__buf_1)
                  0.40    0.40   17.16 ^ _095389_/X (sky130_fd_sc_hd__buf_1)
    10    0.03                           _029818_ (net)
                  0.40    0.00   17.16 ^ _095390_/A (sky130_fd_sc_hd__buf_1)
                  0.36    0.37   17.53 ^ _095390_/X (sky130_fd_sc_hd__buf_1)
    10    0.03                           _029819_ (net)
                  0.36    0.00   17.53 ^ _095391_/A (sky130_fd_sc_hd__buf_1)
                  0.31    0.33   17.87 ^ _095391_/X (sky130_fd_sc_hd__buf_1)
    10    0.03                           _029820_ (net)
                  0.31    0.00   17.87 ^ _098119_/S (sky130_fd_sc_hd__mux2_2)
                  0.05    0.39   18.26 v _098119_/X (sky130_fd_sc_hd__mux2_2)
     1    0.00                           _032528_ (net)
                  0.05    0.00   18.26 v _098122_/A2 (sky130_fd_sc_hd__o221a_2)
                  0.04    0.27   18.53 v _098122_/X (sky130_fd_sc_hd__o221a_2)
     1    0.00                           _032531_ (net)
                  0.04    0.00   18.54 v _098137_/A2 (sky130_fd_sc_hd__o311a_2)
                  0.05    0.38   18.92 v _098137_/X (sky130_fd_sc_hd__o311a_2)
     1    0.00                           _032546_ (net)
                  0.05    0.00   18.92 v _098171_/A2 (sky130_fd_sc_hd__o311a_2)
                  0.05    0.38   19.30 v _098171_/X (sky130_fd_sc_hd__o311a_2)
     1    0.00                           _032580_ (net)
                  0.05    0.00   19.31 v _098172_/A3 (sky130_fd_sc_hd__o32a_2)
                  0.06    0.34   19.65 v _098172_/X (sky130_fd_sc_hd__o32a_2)
     1    0.00                           _032581_ (net)
                  0.06    0.01   19.66 v _098173_/B2 (sky130_fd_sc_hd__a221oi_2)
                  0.17    0.23   19.88 ^ _098173_/Y (sky130_fd_sc_hd__a221oi_2)
     1    0.00                           _032582_ (net)
                  0.17    0.00   19.89 ^ _098175_/A1_N (sky130_fd_sc_hd__a2bb2o_2)
                  0.09    0.37   20.26 v _098175_/X (sky130_fd_sc_hd__a2bb2o_2)
    10    0.02                           _032584_ (net)
                  0.09    0.00   20.26 v _103846_/A1 (sky130_fd_sc_hd__a22o_2)
                  0.04    0.26   20.52 v _103846_/X (sky130_fd_sc_hd__a22o_2)
     1    0.00                           _038113_ (net)
                  0.04    0.00   20.52 v _103847_/B1 (sky130_fd_sc_hd__a21o_2)
                  0.03    0.18   20.71 v _103847_/X (sky130_fd_sc_hd__a21o_2)
     1    0.00                           _000521_ (net)
                  0.03    0.00   20.71 v _151927_/D (sky130_fd_sc_hd__dfxtp_2)
                                 20.71   data arrival time

                  0.15   25.00   25.00   clock clk (rise edge)
                          0.00   25.00   clock network delay (ideal)
                         -0.25   24.75   clock uncertainty
                          0.00   24.75   clock reconvergence pessimism
                                 24.75 ^ _151927_/CLK (sky130_fd_sc_hd__dfxtp_2)
                         -0.08   24.67   library setup time
                                 24.67   data required time
-----------------------------------------------------------------------------
                                 24.67   data required time
                                -20.71   data arrival time
-----------------------------------------------------------------------------
                                  3.96   slack (MET)


